./../mcu/state2.v:716: warning: parameter PIN_TYPE not found in GlaDOS.core.d_mcu.data_driver.pins.DQS_01.driver.
./../mcu/state2.v:717: warning: parameter IO_STANDARD not found in GlaDOS.core.d_mcu.data_driver.pins.DQS_01.driver.
./../mcu/state2.v:716: warning: parameter PIN_TYPE not found in GlaDOS.core.d_mcu.data_driver.pins.DQS_00.driver.
./../mcu/state2.v:717: warning: parameter IO_STANDARD not found in GlaDOS.core.d_mcu.data_driver.pins.DQS_00.driver.
./../mcu/state2.v:434: warning: parameter PIN_TYPE not found in GlaDOS.core.d_mcu.data_driver.pins.DM_00.
./../mcu/state2.v:435: warning: parameter IO_STANDARD not found in GlaDOS.core.d_mcu.data_driver.pins.DM_00.
./../mcu/state2.v:447: warning: parameter PIN_TYPE not found in GlaDOS.core.d_mcu.data_driver.pins.DM_01.
./../mcu/state2.v:448: warning: parameter IO_STANDARD not found in GlaDOS.core.d_mcu.data_driver.pins.DM_01.
./../mcu/state2.v:460: warning: parameter PIN_TYPE not found in GlaDOS.core.d_mcu.data_driver.pins.DQ_00.
./../mcu/state2.v:461: warning: parameter IO_STANDARD not found in GlaDOS.core.d_mcu.data_driver.pins.DQ_00.
./../mcu/state2.v:473: warning: parameter PIN_TYPE not found in GlaDOS.core.d_mcu.data_driver.pins.DQ_01.
./../mcu/state2.v:474: warning: parameter IO_STANDARD not found in GlaDOS.core.d_mcu.data_driver.pins.DQ_01.
./../mcu/state2.v:486: warning: parameter PIN_TYPE not found in GlaDOS.core.d_mcu.data_driver.pins.DQ_02.
./../mcu/state2.v:487: warning: parameter IO_STANDARD not found in GlaDOS.core.d_mcu.data_driver.pins.DQ_02.
./../mcu/state2.v:499: warning: parameter PIN_TYPE not found in GlaDOS.core.d_mcu.data_driver.pins.DQ_03.
./../mcu/state2.v:500: warning: parameter IO_STANDARD not found in GlaDOS.core.d_mcu.data_driver.pins.DQ_03.
./../mcu/state2.v:512: warning: parameter PIN_TYPE not found in GlaDOS.core.d_mcu.data_driver.pins.DQ_04.
./../mcu/state2.v:513: warning: parameter IO_STANDARD not found in GlaDOS.core.d_mcu.data_driver.pins.DQ_04.
./../mcu/state2.v:525: warning: parameter PIN_TYPE not found in GlaDOS.core.d_mcu.data_driver.pins.DQ_05.
./../mcu/state2.v:526: warning: parameter IO_STANDARD not found in GlaDOS.core.d_mcu.data_driver.pins.DQ_05.
./../mcu/state2.v:538: warning: parameter PIN_TYPE not found in GlaDOS.core.d_mcu.data_driver.pins.DQ_06.
./../mcu/state2.v:539: warning: parameter IO_STANDARD not found in GlaDOS.core.d_mcu.data_driver.pins.DQ_06.
./../mcu/state2.v:551: warning: parameter PIN_TYPE not found in GlaDOS.core.d_mcu.data_driver.pins.DQ_07.
./../mcu/state2.v:552: warning: parameter IO_STANDARD not found in GlaDOS.core.d_mcu.data_driver.pins.DQ_07.
./../mcu/state2.v:564: warning: parameter PIN_TYPE not found in GlaDOS.core.d_mcu.data_driver.pins.DQ_08.
./../mcu/state2.v:565: warning: parameter IO_STANDARD not found in GlaDOS.core.d_mcu.data_driver.pins.DQ_08.
./../mcu/state2.v:577: warning: parameter PIN_TYPE not found in GlaDOS.core.d_mcu.data_driver.pins.DQ_09.
./../mcu/state2.v:578: warning: parameter IO_STANDARD not found in GlaDOS.core.d_mcu.data_driver.pins.DQ_09.
./../mcu/state2.v:590: warning: parameter PIN_TYPE not found in GlaDOS.core.d_mcu.data_driver.pins.DQ_10.
./../mcu/state2.v:591: warning: parameter IO_STANDARD not found in GlaDOS.core.d_mcu.data_driver.pins.DQ_10.
./../mcu/state2.v:603: warning: parameter PIN_TYPE not found in GlaDOS.core.d_mcu.data_driver.pins.DQ_11.
./../mcu/state2.v:604: warning: parameter IO_STANDARD not found in GlaDOS.core.d_mcu.data_driver.pins.DQ_11.
./../mcu/state2.v:616: warning: parameter PIN_TYPE not found in GlaDOS.core.d_mcu.data_driver.pins.DQ_12.
./../mcu/state2.v:617: warning: parameter IO_STANDARD not found in GlaDOS.core.d_mcu.data_driver.pins.DQ_12.
./../mcu/state2.v:629: warning: parameter PIN_TYPE not found in GlaDOS.core.d_mcu.data_driver.pins.DQ_13.
./../mcu/state2.v:630: warning: parameter IO_STANDARD not found in GlaDOS.core.d_mcu.data_driver.pins.DQ_13.
./../mcu/state2.v:642: warning: parameter PIN_TYPE not found in GlaDOS.core.d_mcu.data_driver.pins.DQ_14.
./../mcu/state2.v:643: warning: parameter IO_STANDARD not found in GlaDOS.core.d_mcu.data_driver.pins.DQ_14.
./../mcu/state2.v:655: warning: parameter PIN_TYPE not found in GlaDOS.core.d_mcu.data_driver.pins.DQ_15.
./../mcu/state2.v:656: warning: parameter IO_STANDARD not found in GlaDOS.core.d_mcu.data_driver.pins.DQ_15.
./../mcu/state2.v:675: warning: parameter PIN_TYPE not found in GlaDOS.core.d_mcu.clock.CLK_POS.
./../mcu/state2.v:676: warning: parameter IO_STANDARD not found in GlaDOS.core.d_mcu.clock.CLK_POS.
./../mcu/state2.v:688: warning: parameter PIN_TYPE not found in GlaDOS.core.d_mcu.clock.CLK_NEG.
./../mcu/state2.v:689: warning: parameter IO_STANDARD not found in GlaDOS.core.d_mcu.clock.CLK_NEG.
./../mcu/state2.v:716: warning: parameter PIN_TYPE not found in GlaDOS.core.i_mcu.data_driver.pins.DQS_01.driver.
./../mcu/state2.v:717: warning: parameter IO_STANDARD not found in GlaDOS.core.i_mcu.data_driver.pins.DQS_01.driver.
./../mcu/state2.v:716: warning: parameter PIN_TYPE not found in GlaDOS.core.i_mcu.data_driver.pins.DQS_00.driver.
./../mcu/state2.v:717: warning: parameter IO_STANDARD not found in GlaDOS.core.i_mcu.data_driver.pins.DQS_00.driver.
./../mcu/state2.v:434: warning: parameter PIN_TYPE not found in GlaDOS.core.i_mcu.data_driver.pins.DM_00.
./../mcu/state2.v:435: warning: parameter IO_STANDARD not found in GlaDOS.core.i_mcu.data_driver.pins.DM_00.
./../mcu/state2.v:447: warning: parameter PIN_TYPE not found in GlaDOS.core.i_mcu.data_driver.pins.DM_01.
./../mcu/state2.v:448: warning: parameter IO_STANDARD not found in GlaDOS.core.i_mcu.data_driver.pins.DM_01.
./../mcu/state2.v:460: warning: parameter PIN_TYPE not found in GlaDOS.core.i_mcu.data_driver.pins.DQ_00.
./../mcu/state2.v:461: warning: parameter IO_STANDARD not found in GlaDOS.core.i_mcu.data_driver.pins.DQ_00.
./../mcu/state2.v:473: warning: parameter PIN_TYPE not found in GlaDOS.core.i_mcu.data_driver.pins.DQ_01.
./../mcu/state2.v:474: warning: parameter IO_STANDARD not found in GlaDOS.core.i_mcu.data_driver.pins.DQ_01.
./../mcu/state2.v:486: warning: parameter PIN_TYPE not found in GlaDOS.core.i_mcu.data_driver.pins.DQ_02.
./../mcu/state2.v:487: warning: parameter IO_STANDARD not found in GlaDOS.core.i_mcu.data_driver.pins.DQ_02.
./../mcu/state2.v:499: warning: parameter PIN_TYPE not found in GlaDOS.core.i_mcu.data_driver.pins.DQ_03.
./../mcu/state2.v:500: warning: parameter IO_STANDARD not found in GlaDOS.core.i_mcu.data_driver.pins.DQ_03.
./../mcu/state2.v:512: warning: parameter PIN_TYPE not found in GlaDOS.core.i_mcu.data_driver.pins.DQ_04.
./../mcu/state2.v:513: warning: parameter IO_STANDARD not found in GlaDOS.core.i_mcu.data_driver.pins.DQ_04.
./../mcu/state2.v:525: warning: parameter PIN_TYPE not found in GlaDOS.core.i_mcu.data_driver.pins.DQ_05.
./../mcu/state2.v:526: warning: parameter IO_STANDARD not found in GlaDOS.core.i_mcu.data_driver.pins.DQ_05.
./../mcu/state2.v:538: warning: parameter PIN_TYPE not found in GlaDOS.core.i_mcu.data_driver.pins.DQ_06.
./../mcu/state2.v:539: warning: parameter IO_STANDARD not found in GlaDOS.core.i_mcu.data_driver.pins.DQ_06.
./../mcu/state2.v:551: warning: parameter PIN_TYPE not found in GlaDOS.core.i_mcu.data_driver.pins.DQ_07.
./../mcu/state2.v:552: warning: parameter IO_STANDARD not found in GlaDOS.core.i_mcu.data_driver.pins.DQ_07.
./../mcu/state2.v:564: warning: parameter PIN_TYPE not found in GlaDOS.core.i_mcu.data_driver.pins.DQ_08.
./../mcu/state2.v:565: warning: parameter IO_STANDARD not found in GlaDOS.core.i_mcu.data_driver.pins.DQ_08.
./../mcu/state2.v:577: warning: parameter PIN_TYPE not found in GlaDOS.core.i_mcu.data_driver.pins.DQ_09.
./../mcu/state2.v:578: warning: parameter IO_STANDARD not found in GlaDOS.core.i_mcu.data_driver.pins.DQ_09.
./../mcu/state2.v:590: warning: parameter PIN_TYPE not found in GlaDOS.core.i_mcu.data_driver.pins.DQ_10.
./../mcu/state2.v:591: warning: parameter IO_STANDARD not found in GlaDOS.core.i_mcu.data_driver.pins.DQ_10.
./../mcu/state2.v:603: warning: parameter PIN_TYPE not found in GlaDOS.core.i_mcu.data_driver.pins.DQ_11.
./../mcu/state2.v:604: warning: parameter IO_STANDARD not found in GlaDOS.core.i_mcu.data_driver.pins.DQ_11.
./../mcu/state2.v:616: warning: parameter PIN_TYPE not found in GlaDOS.core.i_mcu.data_driver.pins.DQ_12.
./../mcu/state2.v:617: warning: parameter IO_STANDARD not found in GlaDOS.core.i_mcu.data_driver.pins.DQ_12.
./../mcu/state2.v:629: warning: parameter PIN_TYPE not found in GlaDOS.core.i_mcu.data_driver.pins.DQ_13.
./../mcu/state2.v:630: warning: parameter IO_STANDARD not found in GlaDOS.core.i_mcu.data_driver.pins.DQ_13.
./../mcu/state2.v:642: warning: parameter PIN_TYPE not found in GlaDOS.core.i_mcu.data_driver.pins.DQ_14.
./../mcu/state2.v:643: warning: parameter IO_STANDARD not found in GlaDOS.core.i_mcu.data_driver.pins.DQ_14.
./../mcu/state2.v:655: warning: parameter PIN_TYPE not found in GlaDOS.core.i_mcu.data_driver.pins.DQ_15.
./../mcu/state2.v:656: warning: parameter IO_STANDARD not found in GlaDOS.core.i_mcu.data_driver.pins.DQ_15.
./../mcu/state2.v:675: warning: parameter PIN_TYPE not found in GlaDOS.core.i_mcu.clock.CLK_POS.
./../mcu/state2.v:676: warning: parameter IO_STANDARD not found in GlaDOS.core.i_mcu.clock.CLK_POS.
./../mcu/state2.v:688: warning: parameter PIN_TYPE not found in GlaDOS.core.i_mcu.clock.CLK_NEG.
./../mcu/state2.v:689: warning: parameter IO_STANDARD not found in GlaDOS.core.i_mcu.clock.CLK_NEG.
./ddr2.v:1718: tgt-vvp warning: V0.9 may give incorrect results when casting an unsigned value greater than 63 bits to a real value.
./ddr2.v:1718: tgt-vvp warning: V0.9 may give incorrect results when casting an unsigned value greater than 63 bits to a real value.
./ddr2.v:1145: tgt-vvp warning: V0.9 may give incorrect results when casting an unsigned value greater than 63 bits to a real value.
./ddr2.v:1147: tgt-vvp warning: V0.9 may give incorrect results when casting an unsigned value greater than 63 bits to a real value.
./ddr2.v:1147: tgt-vvp warning: V0.9 may give incorrect results when casting an unsigned value greater than 63 bits to a real value.
./ddr2.v:1758: tgt-vvp warning: V0.9 may give incorrect results when casting an unsigned value greater than 63 bits to a real value.
./ddr2.v:1758: tgt-vvp warning: V0.9 may give incorrect results when casting an unsigned value greater than 63 bits to a real value.
./ddr2.v:1794: tgt-vvp warning: V0.9 may give incorrect results when casting an unsigned value greater than 63 bits to a real value.
./ddr2.v:1794: tgt-vvp warning: V0.9 may give incorrect results when casting an unsigned value greater than 63 bits to a real value.
./ddr2.v:1718: tgt-vvp warning: V0.9 may give incorrect results when casting an unsigned value greater than 63 bits to a real value.
./ddr2.v:1718: tgt-vvp warning: V0.9 may give incorrect results when casting an unsigned value greater than 63 bits to a real value.
./ddr2.v:1145: tgt-vvp warning: V0.9 may give incorrect results when casting an unsigned value greater than 63 bits to a real value.
./ddr2.v:1147: tgt-vvp warning: V0.9 may give incorrect results when casting an unsigned value greater than 63 bits to a real value.
./ddr2.v:1147: tgt-vvp warning: V0.9 may give incorrect results when casting an unsigned value greater than 63 bits to a real value.
./ddr2.v:1758: tgt-vvp warning: V0.9 may give incorrect results when casting an unsigned value greater than 63 bits to a real value.
./ddr2.v:1758: tgt-vvp warning: V0.9 may give incorrect results when casting an unsigned value greater than 63 bits to a real value.
./ddr2.v:1794: tgt-vvp warning: V0.9 may give incorrect results when casting an unsigned value greater than 63 bits to a real value.
./ddr2.v:1794: tgt-vvp warning: V0.9 may give incorrect results when casting an unsigned value greater than 63 bits to a real value.
./ddr2.v:1463: tgt-vvp warning: V0.9 may give incorrect results when casting an unsigned value greater than 63 bits to a real value.
./ddr2.v:1464: tgt-vvp warning: V0.9 may give incorrect results when casting an unsigned value greater than 63 bits to a real value.
./ddr2.v:1466: tgt-vvp warning: V0.9 may give incorrect results when casting an unsigned value greater than 63 bits to a real value.
./ddr2.v:1472: tgt-vvp warning: V0.9 may give incorrect results when casting an unsigned value greater than 63 bits to a real value.
./ddr2.v:1500: tgt-vvp warning: V0.9 may give incorrect results when casting an unsigned value greater than 63 bits to a real value.
./ddr2.v:1500: tgt-vvp warning: V0.9 may give incorrect results when casting an unsigned value greater than 63 bits to a real value.
./ddr2.v:1501: tgt-vvp warning: V0.9 may give incorrect results when casting an unsigned value greater than 63 bits to a real value.
./ddr2.v:1501: tgt-vvp warning: V0.9 may give incorrect results when casting an unsigned value greater than 63 bits to a real value.
./ddr2.v:1502: tgt-vvp warning: V0.9 may give incorrect results when casting an unsigned value greater than 63 bits to a real value.
./ddr2.v:1502: tgt-vvp warning: V0.9 may give incorrect results when casting an unsigned value greater than 63 bits to a real value.
(null):0: tgt-vvp warning: V0.9 may give incorrect results when casting an unsigned value greater than 63 bits to a real value.
./ddr2.v:1511: tgt-vvp warning: V0.9 may give incorrect results when casting an unsigned value greater than 63 bits to a real value.
./ddr2.v:1512: tgt-vvp warning: V0.9 may give incorrect results when casting an unsigned value greater than 63 bits to a real value.
./ddr2.v:1527: tgt-vvp warning: V0.9 may give incorrect results when casting an unsigned value greater than 63 bits to a real value.
./ddr2.v:1527: tgt-vvp warning: V0.9 may give incorrect results when casting an unsigned value greater than 63 bits to a real value.
./ddr2.v:1528: tgt-vvp warning: V0.9 may give incorrect results when casting an unsigned value greater than 63 bits to a real value.
./ddr2.v:1528: tgt-vvp warning: V0.9 may give incorrect results when casting an unsigned value greater than 63 bits to a real value.
./ddr2.v:1529: tgt-vvp warning: V0.9 may give incorrect results when casting an unsigned value greater than 63 bits to a real value.
./ddr2.v:1529: tgt-vvp warning: V0.9 may give incorrect results when casting an unsigned value greater than 63 bits to a real value.
(null):0: tgt-vvp warning: V0.9 may give incorrect results when casting an unsigned value greater than 63 bits to a real value.
./ddr2.v:1538: tgt-vvp warning: V0.9 may give incorrect results when casting an unsigned value greater than 63 bits to a real value.
./ddr2.v:1539: tgt-vvp warning: V0.9 may give incorrect results when casting an unsigned value greater than 63 bits to a real value.
./ddr2.v:1695: tgt-vvp warning: V0.9 may give incorrect results when casting an unsigned value greater than 63 bits to a real value.
./ddr2.v:1695: tgt-vvp warning: V0.9 may give incorrect results when casting an unsigned value greater than 63 bits to a real value.
./ddr2.v:1703: tgt-vvp warning: V0.9 may give incorrect results when casting an unsigned value greater than 63 bits to a real value.
./ddr2.v:1703: tgt-vvp warning: V0.9 may give incorrect results when casting an unsigned value greater than 63 bits to a real value.
./ddr2.v:1463: tgt-vvp warning: V0.9 may give incorrect results when casting an unsigned value greater than 63 bits to a real value.
./ddr2.v:1464: tgt-vvp warning: V0.9 may give incorrect results when casting an unsigned value greater than 63 bits to a real value.
./ddr2.v:1466: tgt-vvp warning: V0.9 may give incorrect results when casting an unsigned value greater than 63 bits to a real value.
./ddr2.v:1472: tgt-vvp warning: V0.9 may give incorrect results when casting an unsigned value greater than 63 bits to a real value.
./ddr2.v:1500: tgt-vvp warning: V0.9 may give incorrect results when casting an unsigned value greater than 63 bits to a real value.
./ddr2.v:1500: tgt-vvp warning: V0.9 may give incorrect results when casting an unsigned value greater than 63 bits to a real value.
./ddr2.v:1501: tgt-vvp warning: V0.9 may give incorrect results when casting an unsigned value greater than 63 bits to a real value.
./ddr2.v:1501: tgt-vvp warning: V0.9 may give incorrect results when casting an unsigned value greater than 63 bits to a real value.
./ddr2.v:1502: tgt-vvp warning: V0.9 may give incorrect results when casting an unsigned value greater than 63 bits to a real value.
./ddr2.v:1502: tgt-vvp warning: V0.9 may give incorrect results when casting an unsigned value greater than 63 bits to a real value.
(null):0: tgt-vvp warning: V0.9 may give incorrect results when casting an unsigned value greater than 63 bits to a real value.
./ddr2.v:1511: tgt-vvp warning: V0.9 may give incorrect results when casting an unsigned value greater than 63 bits to a real value.
./ddr2.v:1512: tgt-vvp warning: V0.9 may give incorrect results when casting an unsigned value greater than 63 bits to a real value.
./ddr2.v:1527: tgt-vvp warning: V0.9 may give incorrect results when casting an unsigned value greater than 63 bits to a real value.
./ddr2.v:1527: tgt-vvp warning: V0.9 may give incorrect results when casting an unsigned value greater than 63 bits to a real value.
./ddr2.v:1528: tgt-vvp warning: V0.9 may give incorrect results when casting an unsigned value greater than 63 bits to a real value.
./ddr2.v:1528: tgt-vvp warning: V0.9 may give incorrect results when casting an unsigned value greater than 63 bits to a real value.
./ddr2.v:1529: tgt-vvp warning: V0.9 may give incorrect results when casting an unsigned value greater than 63 bits to a real value.
./ddr2.v:1529: tgt-vvp warning: V0.9 may give incorrect results when casting an unsigned value greater than 63 bits to a real value.
(null):0: tgt-vvp warning: V0.9 may give incorrect results when casting an unsigned value greater than 63 bits to a real value.
./ddr2.v:1538: tgt-vvp warning: V0.9 may give incorrect results when casting an unsigned value greater than 63 bits to a real value.
./ddr2.v:1539: tgt-vvp warning: V0.9 may give incorrect results when casting an unsigned value greater than 63 bits to a real value.
./ddr2.v:1695: tgt-vvp warning: V0.9 may give incorrect results when casting an unsigned value greater than 63 bits to a real value.
./ddr2.v:1695: tgt-vvp warning: V0.9 may give incorrect results when casting an unsigned value greater than 63 bits to a real value.
./ddr2.v:1703: tgt-vvp warning: V0.9 may give incorrect results when casting an unsigned value greater than 63 bits to a real value.
./ddr2.v:1703: tgt-vvp warning: V0.9 may give incorrect results when casting an unsigned value greater than 63 bits to a real value.
GlaDOS.d_ddr2_mem.cmd_task: at time 391891500.0 ps INFO: Precharge All
GlaDOS.i_ddr2_mem.cmd_task: at time 391891500.0 ps INFO: Precharge All
GlaDOS.d_ddr2_mem.cmd_task: at time 392071500.0 ps INFO: Load Mode 2
GlaDOS.d_ddr2_mem.cmd_task: at time 392071500.0 ps INFO: Load Mode 2 High Temperature Self Refresh rate = 1X (0C-85C)
GlaDOS.i_ddr2_mem.cmd_task: at time 392071500.0 ps INFO: Load Mode 2
GlaDOS.i_ddr2_mem.cmd_task: at time 392071500.0 ps INFO: Load Mode 2 High Temperature Self Refresh rate = 1X (0C-85C)
GlaDOS.d_ddr2_mem.cmd_task: at time 392251500.0 ps INFO: Load Mode 3
GlaDOS.i_ddr2_mem.cmd_task: at time 392251500.0 ps INFO: Load Mode 3
GlaDOS.d_ddr2_mem.cmd_task: at time 392431500.0 ps INFO: Load Mode 1
GlaDOS.d_ddr2_mem.cmd_task: at time 392431500.0 ps INFO: Load Mode 1 DLL Enable = Enabled
GlaDOS.d_ddr2_mem.cmd_task: at time 392431500.0 ps INFO: Load Mode 1 Output Drive Strength = Full
GlaDOS.d_ddr2_mem.cmd_task: at time 392431500.0 ps INFO: Load Mode 1 ODT Rtt = Disabled
GlaDOS.d_ddr2_mem.cmd_task: at time 392431500.0 ps INFO: Load Mode 1 Additive Latency =           0
GlaDOS.d_ddr2_mem.cmd_task: at time 392431500.0 ps INFO: Load Mode 1 OCD Program = OCD Default
GlaDOS.d_ddr2_mem.cmd_task: at time 392431500.0 ps INFO: Load Mode 1 DQS_N Enable = Disabled
GlaDOS.d_ddr2_mem.cmd_task: at time 392431500.0 ps INFO: Load Mode 1 RDQS Enable = Disabled
GlaDOS.d_ddr2_mem.cmd_task: at time 392431500.0 ps INFO: Load Mode 1 Output Enable = Enabled
GlaDOS.i_ddr2_mem.cmd_task: at time 392431500.0 ps INFO: Load Mode 1
GlaDOS.i_ddr2_mem.cmd_task: at time 392431500.0 ps INFO: Load Mode 1 DLL Enable = Enabled
GlaDOS.i_ddr2_mem.cmd_task: at time 392431500.0 ps INFO: Load Mode 1 Output Drive Strength = Full
GlaDOS.i_ddr2_mem.cmd_task: at time 392431500.0 ps INFO: Load Mode 1 ODT Rtt = Disabled
GlaDOS.i_ddr2_mem.cmd_task: at time 392431500.0 ps INFO: Load Mode 1 Additive Latency =           0
GlaDOS.i_ddr2_mem.cmd_task: at time 392431500.0 ps INFO: Load Mode 1 OCD Program = OCD Default
GlaDOS.i_ddr2_mem.cmd_task: at time 392431500.0 ps INFO: Load Mode 1 DQS_N Enable = Disabled
GlaDOS.i_ddr2_mem.cmd_task: at time 392431500.0 ps INFO: Load Mode 1 RDQS Enable = Disabled
GlaDOS.i_ddr2_mem.cmd_task: at time 392431500.0 ps INFO: Load Mode 1 Output Enable = Enabled
GlaDOS.d_ddr2_mem.cmd_task: at time 392611500.0 ps INFO: Load Mode 0
GlaDOS.d_ddr2_mem.cmd_task: at time 392611500.0 ps INFO: Load Mode 0 Burst Length =  4
GlaDOS.d_ddr2_mem.cmd_task: at time 392611500.0 ps INFO: Load Mode 0 Burst Order = Sequential
GlaDOS.d_ddr2_mem.cmd_task: at time 392611500.0 ps INFO: Load Mode 0 CAS Latency =           3
GlaDOS.d_ddr2_mem.cmd_task: at time 392611500.0 ps INFO: Load Mode 0 Test Mode = Normal
GlaDOS.d_ddr2_mem.cmd_task: at time 392611500.0 ps INFO: Load Mode 0 DLL Reset = Reset DLL
GlaDOS.d_ddr2_mem.cmd_task: at time 392611500.0 ps INFO: Load Mode 0 Write Recovery =           3
GlaDOS.d_ddr2_mem.cmd_task: at time 392611500.0 ps INFO: Load Mode 0 Power Down Mode = Fast Exit
GlaDOS.i_ddr2_mem.cmd_task: at time 392611500.0 ps INFO: Load Mode 0
GlaDOS.i_ddr2_mem.cmd_task: at time 392611500.0 ps INFO: Load Mode 0 Burst Length =  4
GlaDOS.i_ddr2_mem.cmd_task: at time 392611500.0 ps INFO: Load Mode 0 Burst Order = Sequential
GlaDOS.i_ddr2_mem.cmd_task: at time 392611500.0 ps INFO: Load Mode 0 CAS Latency =           3
GlaDOS.i_ddr2_mem.cmd_task: at time 392611500.0 ps INFO: Load Mode 0 Test Mode = Normal
GlaDOS.i_ddr2_mem.cmd_task: at time 392611500.0 ps INFO: Load Mode 0 DLL Reset = Reset DLL
GlaDOS.i_ddr2_mem.cmd_task: at time 392611500.0 ps INFO: Load Mode 0 Write Recovery =           3
GlaDOS.i_ddr2_mem.cmd_task: at time 392611500.0 ps INFO: Load Mode 0 Power Down Mode = Fast Exit
GlaDOS.d_ddr2_mem.cmd_task: at time 392791500.0 ps INFO: Precharge All
GlaDOS.i_ddr2_mem.cmd_task: at time 392791500.0 ps INFO: Precharge All
GlaDOS.d_ddr2_mem.cmd_task: at time 392971500.0 ps INFO: Refresh  
GlaDOS.i_ddr2_mem.cmd_task: at time 392971500.0 ps INFO: Refresh  
GlaDOS.d_ddr2_mem.cmd_task: at time 393151500.0 ps INFO: Refresh  
GlaDOS.i_ddr2_mem.cmd_task: at time 393151500.0 ps INFO: Refresh  
GlaDOS.d_ddr2_mem.cmd_task: at time 393331500.0 ps INFO: Load Mode 0
GlaDOS.d_ddr2_mem.cmd_task: at time 393331500.0 ps INFO: Load Mode 0 Burst Length =  4
GlaDOS.d_ddr2_mem.cmd_task: at time 393331500.0 ps INFO: Load Mode 0 Burst Order = Sequential
GlaDOS.d_ddr2_mem.cmd_task: at time 393331500.0 ps INFO: Load Mode 0 CAS Latency =           3
GlaDOS.d_ddr2_mem.cmd_task: at time 393331500.0 ps INFO: Load Mode 0 Test Mode = Normal
GlaDOS.d_ddr2_mem.cmd_task: at time 393331500.0 ps INFO: Load Mode 0 DLL Reset = Normal
GlaDOS.d_ddr2_mem.cmd_task: at time 393331500.0 ps INFO: Load Mode 0 Write Recovery =           3
GlaDOS.d_ddr2_mem.cmd_task: at time 393331500.0 ps INFO: Load Mode 0 Power Down Mode = Fast Exit
GlaDOS.i_ddr2_mem.cmd_task: at time 393331500.0 ps INFO: Load Mode 0
GlaDOS.i_ddr2_mem.cmd_task: at time 393331500.0 ps INFO: Load Mode 0 Burst Length =  4
GlaDOS.i_ddr2_mem.cmd_task: at time 393331500.0 ps INFO: Load Mode 0 Burst Order = Sequential
GlaDOS.i_ddr2_mem.cmd_task: at time 393331500.0 ps INFO: Load Mode 0 CAS Latency =           3
GlaDOS.i_ddr2_mem.cmd_task: at time 393331500.0 ps INFO: Load Mode 0 Test Mode = Normal
GlaDOS.i_ddr2_mem.cmd_task: at time 393331500.0 ps INFO: Load Mode 0 DLL Reset = Normal
GlaDOS.i_ddr2_mem.cmd_task: at time 393331500.0 ps INFO: Load Mode 0 Write Recovery =           3
GlaDOS.i_ddr2_mem.cmd_task: at time 393331500.0 ps INFO: Load Mode 0 Power Down Mode = Fast Exit
GlaDOS.d_ddr2_mem.cmd_task: at time 393511500.0 ps INFO: Load Mode 1
GlaDOS.d_ddr2_mem.cmd_task: at time 393511500.0 ps INFO: Load Mode 1 DLL Enable = Enabled
GlaDOS.d_ddr2_mem.cmd_task: at time 393511500.0 ps INFO: Load Mode 1 Output Drive Strength = Full
GlaDOS.d_ddr2_mem.cmd_task: at time 393511500.0 ps INFO: Load Mode 1 ODT Rtt = Disabled
GlaDOS.d_ddr2_mem.cmd_task: at time 393511500.0 ps INFO: Load Mode 1 Additive Latency =           0
GlaDOS.d_ddr2_mem.cmd_task: at time 393511500.0 ps INFO: Load Mode 1 OCD Program = OCD Default
GlaDOS.d_ddr2_mem.cmd_task: at time 393511500.0 ps INFO: Load Mode 1 DQS_N Enable = Disabled
GlaDOS.d_ddr2_mem.cmd_task: at time 393511500.0 ps INFO: Load Mode 1 RDQS Enable = Disabled
GlaDOS.d_ddr2_mem.cmd_task: at time 393511500.0 ps INFO: Load Mode 1 Output Enable = Enabled
GlaDOS.i_ddr2_mem.cmd_task: at time 393511500.0 ps INFO: Load Mode 1
GlaDOS.i_ddr2_mem.cmd_task: at time 393511500.0 ps INFO: Load Mode 1 DLL Enable = Enabled
GlaDOS.i_ddr2_mem.cmd_task: at time 393511500.0 ps INFO: Load Mode 1 Output Drive Strength = Full
GlaDOS.i_ddr2_mem.cmd_task: at time 393511500.0 ps INFO: Load Mode 1 ODT Rtt = Disabled
GlaDOS.i_ddr2_mem.cmd_task: at time 393511500.0 ps INFO: Load Mode 1 Additive Latency =           0
GlaDOS.i_ddr2_mem.cmd_task: at time 393511500.0 ps INFO: Load Mode 1 OCD Program = OCD Default
GlaDOS.i_ddr2_mem.cmd_task: at time 393511500.0 ps INFO: Load Mode 1 DQS_N Enable = Disabled
GlaDOS.i_ddr2_mem.cmd_task: at time 393511500.0 ps INFO: Load Mode 1 RDQS Enable = Disabled
GlaDOS.i_ddr2_mem.cmd_task: at time 393511500.0 ps INFO: Load Mode 1 Output Enable = Enabled
GlaDOS.d_ddr2_mem.cmd_task: at time 393691500.0 ps INFO: Load Mode 1
GlaDOS.d_ddr2_mem.cmd_task: at time 393691500.0 ps INFO: Load Mode 1 DLL Enable = Enabled
GlaDOS.d_ddr2_mem.cmd_task: at time 393691500.0 ps INFO: Load Mode 1 Output Drive Strength = Full
GlaDOS.d_ddr2_mem.cmd_task: at time 393691500.0 ps INFO: Load Mode 1 ODT Rtt = Disabled
GlaDOS.d_ddr2_mem.cmd_task: at time 393691500.0 ps INFO: Load Mode 1 Additive Latency =           0
GlaDOS.d_ddr2_mem.cmd_task: at time 393691500.0 ps INFO: Load Mode 1 OCD Program = OCD Exit
GlaDOS.d_ddr2_mem.cmd_task: at time 393691500.0 ps INFO: Load Mode 1 DQS_N Enable = Disabled
GlaDOS.d_ddr2_mem.cmd_task: at time 393691500.0 ps INFO: Load Mode 1 RDQS Enable = Disabled
GlaDOS.d_ddr2_mem.cmd_task: at time 393691500.0 ps INFO: Load Mode 1 Output Enable = Enabled
GlaDOS.d_ddr2_mem.cmd_task: at time 393691500.0 ps INFO: Initialization Sequence is complete
GlaDOS.i_ddr2_mem.cmd_task: at time 393691500.0 ps INFO: Load Mode 1
GlaDOS.i_ddr2_mem.cmd_task: at time 393691500.0 ps INFO: Load Mode 1 DLL Enable = Enabled
GlaDOS.i_ddr2_mem.cmd_task: at time 393691500.0 ps INFO: Load Mode 1 Output Drive Strength = Full
GlaDOS.i_ddr2_mem.cmd_task: at time 393691500.0 ps INFO: Load Mode 1 ODT Rtt = Disabled
GlaDOS.i_ddr2_mem.cmd_task: at time 393691500.0 ps INFO: Load Mode 1 Additive Latency =           0
GlaDOS.i_ddr2_mem.cmd_task: at time 393691500.0 ps INFO: Load Mode 1 OCD Program = OCD Exit
GlaDOS.i_ddr2_mem.cmd_task: at time 393691500.0 ps INFO: Load Mode 1 DQS_N Enable = Disabled
GlaDOS.i_ddr2_mem.cmd_task: at time 393691500.0 ps INFO: Load Mode 1 RDQS Enable = Disabled
GlaDOS.i_ddr2_mem.cmd_task: at time 393691500.0 ps INFO: Load Mode 1 Output Enable = Enabled
GlaDOS.i_ddr2_mem.cmd_task: at time 393691500.0 ps INFO: Initialization Sequence is complete
GlaDOS.d_ddr2_mem.cmd_task: at time 396703500.0 ps INFO: Refresh  
GlaDOS.i_ddr2_mem.cmd_task: at time 396703500.0 ps INFO: Refresh  
d cmd 1 addr 0000 bank 0 we c data 00000000 predata 00000000
GlaDOS.d_ddr2_mem.cmd_task: at time 399007500.0 ps INFO: Refresh  
GlaDOS.i_ddr2_mem.cmd_task: at time 399007500.0 ps INFO: Refresh  
d cmd 1 addr 0000 bank 0 we c data 00000000 predata 00000000
halting CTR 000000000001049d
acc 0000
input_reg  xxxx xxxx       xxxx xxxx
output_reg 0000 0000 0000  0000 0000 0000
0000000000: xxxx xxxx xxxx xxxx  xxxx xxxx xxxx xxxx
0000000008: xxxx xxxx xxxx xxxx  xxxx xxxx xxxx xxxx
0000000010: xxxx xxxx xxxx xxxx  xxxx xxxx xxxx xxxx
0000000018: xxxx xxxx xxxx xxxx  xxxx xxxx xxxx xxxx
0000000020: xxxx xxxx xxxx xxxx  xxxx xxxx xxxx xxxx
0000000028: xxxx xxxx xxxx xxxx  xxxx xxxx xxxx xxxx
0000000030: xxxx xxxx xxxx xxxx  xxxx xxxx xxxx xxxx
0000000038: xxxx xxxx xxxx xxxx  xxxx xxxx xxxx xxxx
0000000040: xxxx xxxx xxxx xxxx  xxxx xxxx xxxx xxxx
0000000048: xxxx xxxx xxxx xxxx  xxxx xxxx xxxx xxxx
0000000050: xxxx xxxx xxxx xxxx  xxxx xxxx xxxx xxxx
0000000058: xxxx xxxx xxxx xxxx  xxxx xxxx xxxx xxxx
0000000060: xxxx xxxx xxxx xxxx  xxxx xxxx xxxx xxxx
0000000068: xxxx xxxx xxxx xxxx  xxxx xxxx xxxx xxxx
0000000070: xxxx xxxx xxxx xxxx  xxxx xxxx xxxx xxxx
0000000078: xxxx xxxx xxxx xxxx  xxxx xxxx xxxx xxxx
0000000080: xxxx xxxx xxxx xxxx  xxxx xxxx xxxx xxxx
0000000088: xxxx xxxx xxxx xxxx  xxxx xxxx xxxx xxxx
0000000090: xxxx xxxx xxxx xxxx  xxxx xxxx xxxx xxxx
0000000098: xxxx xxxx xxxx xxxx  xxxx xxxx xxxx xxxx
00000000a0: xxxx xxxx xxxx xxxx  xxxx xxxx xxxx xxxx
00000000a8: xxxx xxxx xxxx xxxx  xxxx xxxx xxxx xxxx
00000000b0: xxxx xxxx xxxx xxxx  xxxx xxxx xxxx xxxx
00000000b8: xxxx xxxx xxxx xxxx  xxxx xxxx xxxx xxxx
00000000c0: xxxx xxxx xxxx xxxx  xxxx xxxx xxxx xxxx
00000000c8: xxxx xxxx xxxx xxxx  xxxx xxxx xxxx xxxx
00000000d0: xxxx xxxx xxxx xxxx  xxxx xxxx xxxx xxxx
00000000d8: xxxx xxxx xxxx xxxx  xxxx xxxx xxxx xxxx
00000000e0: xxxx xxxx xxxx xxxx  xxxx xxxx xxxx xxxx
00000000e8: xxxx xxxx xxxx xxxx  xxxx xxxx xxxx xxxx
00000000f0: xxxx xxxx xxxx xxxx  xxxx xxxx xxxx xxxx
00000000f8: xxxx xxxx xxxx xxxx  xxxx xxxx xxxx 0000
wMSR 00ed3200
 r0: 00000000,  r1: ffffffff,  r2: fffffffe  r3: 00000001
 r4: 00000000,  r5: 00000000,  r6: 8932d612  r7: e77696ce
 r8: c0000000,  r9: fe000045, r10: 00000002 r11: cecccc9d
r12: 86bc380d, r13: eaa62ad5, r14: 0effe91d r15: 0509650a
r16: 7968bdf2, r17: ec4b34d8, r18: 75c50deb r19: 571513ae
r20: 85d79a0b, r21: 27f2554f, r22: bf23327e r23: 6c9c4bd9
r24: 0000000f, r25: 00000007, r26: 00000003 r27: 00000000
r28: 4b212f96, r29: 6457edc8, r30: 090cdb12 r31: 00000000
