./../mcu/state2.v:709: warning: parameter PIN_TYPE not found in GlaDOS.core.d_mcu.data_driver.pins.DQS_01.driver.
./../mcu/state2.v:710: warning: parameter IO_STANDARD not found in GlaDOS.core.d_mcu.data_driver.pins.DQS_01.driver.
./../mcu/state2.v:709: warning: parameter PIN_TYPE not found in GlaDOS.core.d_mcu.data_driver.pins.DQS_00.driver.
./../mcu/state2.v:710: warning: parameter IO_STANDARD not found in GlaDOS.core.d_mcu.data_driver.pins.DQS_00.driver.
./../mcu/state2.v:427: warning: parameter PIN_TYPE not found in GlaDOS.core.d_mcu.data_driver.pins.DM_00.
./../mcu/state2.v:428: warning: parameter IO_STANDARD not found in GlaDOS.core.d_mcu.data_driver.pins.DM_00.
./../mcu/state2.v:440: warning: parameter PIN_TYPE not found in GlaDOS.core.d_mcu.data_driver.pins.DM_01.
./../mcu/state2.v:441: warning: parameter IO_STANDARD not found in GlaDOS.core.d_mcu.data_driver.pins.DM_01.
./../mcu/state2.v:453: warning: parameter PIN_TYPE not found in GlaDOS.core.d_mcu.data_driver.pins.DQ_00.
./../mcu/state2.v:454: warning: parameter IO_STANDARD not found in GlaDOS.core.d_mcu.data_driver.pins.DQ_00.
./../mcu/state2.v:466: warning: parameter PIN_TYPE not found in GlaDOS.core.d_mcu.data_driver.pins.DQ_01.
./../mcu/state2.v:467: warning: parameter IO_STANDARD not found in GlaDOS.core.d_mcu.data_driver.pins.DQ_01.
./../mcu/state2.v:479: warning: parameter PIN_TYPE not found in GlaDOS.core.d_mcu.data_driver.pins.DQ_02.
./../mcu/state2.v:480: warning: parameter IO_STANDARD not found in GlaDOS.core.d_mcu.data_driver.pins.DQ_02.
./../mcu/state2.v:492: warning: parameter PIN_TYPE not found in GlaDOS.core.d_mcu.data_driver.pins.DQ_03.
./../mcu/state2.v:493: warning: parameter IO_STANDARD not found in GlaDOS.core.d_mcu.data_driver.pins.DQ_03.
./../mcu/state2.v:505: warning: parameter PIN_TYPE not found in GlaDOS.core.d_mcu.data_driver.pins.DQ_04.
./../mcu/state2.v:506: warning: parameter IO_STANDARD not found in GlaDOS.core.d_mcu.data_driver.pins.DQ_04.
./../mcu/state2.v:518: warning: parameter PIN_TYPE not found in GlaDOS.core.d_mcu.data_driver.pins.DQ_05.
./../mcu/state2.v:519: warning: parameter IO_STANDARD not found in GlaDOS.core.d_mcu.data_driver.pins.DQ_05.
./../mcu/state2.v:531: warning: parameter PIN_TYPE not found in GlaDOS.core.d_mcu.data_driver.pins.DQ_06.
./../mcu/state2.v:532: warning: parameter IO_STANDARD not found in GlaDOS.core.d_mcu.data_driver.pins.DQ_06.
./../mcu/state2.v:544: warning: parameter PIN_TYPE not found in GlaDOS.core.d_mcu.data_driver.pins.DQ_07.
./../mcu/state2.v:545: warning: parameter IO_STANDARD not found in GlaDOS.core.d_mcu.data_driver.pins.DQ_07.
./../mcu/state2.v:557: warning: parameter PIN_TYPE not found in GlaDOS.core.d_mcu.data_driver.pins.DQ_08.
./../mcu/state2.v:558: warning: parameter IO_STANDARD not found in GlaDOS.core.d_mcu.data_driver.pins.DQ_08.
./../mcu/state2.v:570: warning: parameter PIN_TYPE not found in GlaDOS.core.d_mcu.data_driver.pins.DQ_09.
./../mcu/state2.v:571: warning: parameter IO_STANDARD not found in GlaDOS.core.d_mcu.data_driver.pins.DQ_09.
./../mcu/state2.v:583: warning: parameter PIN_TYPE not found in GlaDOS.core.d_mcu.data_driver.pins.DQ_10.
./../mcu/state2.v:584: warning: parameter IO_STANDARD not found in GlaDOS.core.d_mcu.data_driver.pins.DQ_10.
./../mcu/state2.v:596: warning: parameter PIN_TYPE not found in GlaDOS.core.d_mcu.data_driver.pins.DQ_11.
./../mcu/state2.v:597: warning: parameter IO_STANDARD not found in GlaDOS.core.d_mcu.data_driver.pins.DQ_11.
./../mcu/state2.v:609: warning: parameter PIN_TYPE not found in GlaDOS.core.d_mcu.data_driver.pins.DQ_12.
./../mcu/state2.v:610: warning: parameter IO_STANDARD not found in GlaDOS.core.d_mcu.data_driver.pins.DQ_12.
./../mcu/state2.v:622: warning: parameter PIN_TYPE not found in GlaDOS.core.d_mcu.data_driver.pins.DQ_13.
./../mcu/state2.v:623: warning: parameter IO_STANDARD not found in GlaDOS.core.d_mcu.data_driver.pins.DQ_13.
./../mcu/state2.v:635: warning: parameter PIN_TYPE not found in GlaDOS.core.d_mcu.data_driver.pins.DQ_14.
./../mcu/state2.v:636: warning: parameter IO_STANDARD not found in GlaDOS.core.d_mcu.data_driver.pins.DQ_14.
./../mcu/state2.v:648: warning: parameter PIN_TYPE not found in GlaDOS.core.d_mcu.data_driver.pins.DQ_15.
./../mcu/state2.v:649: warning: parameter IO_STANDARD not found in GlaDOS.core.d_mcu.data_driver.pins.DQ_15.
./../mcu/state2.v:668: warning: parameter PIN_TYPE not found in GlaDOS.core.d_mcu.clock.CLK_POS.
./../mcu/state2.v:669: warning: parameter IO_STANDARD not found in GlaDOS.core.d_mcu.clock.CLK_POS.
./../mcu/state2.v:681: warning: parameter PIN_TYPE not found in GlaDOS.core.d_mcu.clock.CLK_NEG.
./../mcu/state2.v:682: warning: parameter IO_STANDARD not found in GlaDOS.core.d_mcu.clock.CLK_NEG.
./../mcu/state2.v:709: warning: parameter PIN_TYPE not found in GlaDOS.core.i_mcu.data_driver.pins.DQS_01.driver.
./../mcu/state2.v:710: warning: parameter IO_STANDARD not found in GlaDOS.core.i_mcu.data_driver.pins.DQS_01.driver.
./../mcu/state2.v:709: warning: parameter PIN_TYPE not found in GlaDOS.core.i_mcu.data_driver.pins.DQS_00.driver.
./../mcu/state2.v:710: warning: parameter IO_STANDARD not found in GlaDOS.core.i_mcu.data_driver.pins.DQS_00.driver.
./../mcu/state2.v:427: warning: parameter PIN_TYPE not found in GlaDOS.core.i_mcu.data_driver.pins.DM_00.
./../mcu/state2.v:428: warning: parameter IO_STANDARD not found in GlaDOS.core.i_mcu.data_driver.pins.DM_00.
./../mcu/state2.v:440: warning: parameter PIN_TYPE not found in GlaDOS.core.i_mcu.data_driver.pins.DM_01.
./../mcu/state2.v:441: warning: parameter IO_STANDARD not found in GlaDOS.core.i_mcu.data_driver.pins.DM_01.
./../mcu/state2.v:453: warning: parameter PIN_TYPE not found in GlaDOS.core.i_mcu.data_driver.pins.DQ_00.
./../mcu/state2.v:454: warning: parameter IO_STANDARD not found in GlaDOS.core.i_mcu.data_driver.pins.DQ_00.
./../mcu/state2.v:466: warning: parameter PIN_TYPE not found in GlaDOS.core.i_mcu.data_driver.pins.DQ_01.
./../mcu/state2.v:467: warning: parameter IO_STANDARD not found in GlaDOS.core.i_mcu.data_driver.pins.DQ_01.
./../mcu/state2.v:479: warning: parameter PIN_TYPE not found in GlaDOS.core.i_mcu.data_driver.pins.DQ_02.
./../mcu/state2.v:480: warning: parameter IO_STANDARD not found in GlaDOS.core.i_mcu.data_driver.pins.DQ_02.
./../mcu/state2.v:492: warning: parameter PIN_TYPE not found in GlaDOS.core.i_mcu.data_driver.pins.DQ_03.
./../mcu/state2.v:493: warning: parameter IO_STANDARD not found in GlaDOS.core.i_mcu.data_driver.pins.DQ_03.
./../mcu/state2.v:505: warning: parameter PIN_TYPE not found in GlaDOS.core.i_mcu.data_driver.pins.DQ_04.
./../mcu/state2.v:506: warning: parameter IO_STANDARD not found in GlaDOS.core.i_mcu.data_driver.pins.DQ_04.
./../mcu/state2.v:518: warning: parameter PIN_TYPE not found in GlaDOS.core.i_mcu.data_driver.pins.DQ_05.
./../mcu/state2.v:519: warning: parameter IO_STANDARD not found in GlaDOS.core.i_mcu.data_driver.pins.DQ_05.
./../mcu/state2.v:531: warning: parameter PIN_TYPE not found in GlaDOS.core.i_mcu.data_driver.pins.DQ_06.
./../mcu/state2.v:532: warning: parameter IO_STANDARD not found in GlaDOS.core.i_mcu.data_driver.pins.DQ_06.
./../mcu/state2.v:544: warning: parameter PIN_TYPE not found in GlaDOS.core.i_mcu.data_driver.pins.DQ_07.
./../mcu/state2.v:545: warning: parameter IO_STANDARD not found in GlaDOS.core.i_mcu.data_driver.pins.DQ_07.
./../mcu/state2.v:557: warning: parameter PIN_TYPE not found in GlaDOS.core.i_mcu.data_driver.pins.DQ_08.
./../mcu/state2.v:558: warning: parameter IO_STANDARD not found in GlaDOS.core.i_mcu.data_driver.pins.DQ_08.
./../mcu/state2.v:570: warning: parameter PIN_TYPE not found in GlaDOS.core.i_mcu.data_driver.pins.DQ_09.
./../mcu/state2.v:571: warning: parameter IO_STANDARD not found in GlaDOS.core.i_mcu.data_driver.pins.DQ_09.
./../mcu/state2.v:583: warning: parameter PIN_TYPE not found in GlaDOS.core.i_mcu.data_driver.pins.DQ_10.
./../mcu/state2.v:584: warning: parameter IO_STANDARD not found in GlaDOS.core.i_mcu.data_driver.pins.DQ_10.
./../mcu/state2.v:596: warning: parameter PIN_TYPE not found in GlaDOS.core.i_mcu.data_driver.pins.DQ_11.
./../mcu/state2.v:597: warning: parameter IO_STANDARD not found in GlaDOS.core.i_mcu.data_driver.pins.DQ_11.
./../mcu/state2.v:609: warning: parameter PIN_TYPE not found in GlaDOS.core.i_mcu.data_driver.pins.DQ_12.
./../mcu/state2.v:610: warning: parameter IO_STANDARD not found in GlaDOS.core.i_mcu.data_driver.pins.DQ_12.
./../mcu/state2.v:622: warning: parameter PIN_TYPE not found in GlaDOS.core.i_mcu.data_driver.pins.DQ_13.
./../mcu/state2.v:623: warning: parameter IO_STANDARD not found in GlaDOS.core.i_mcu.data_driver.pins.DQ_13.
./../mcu/state2.v:635: warning: parameter PIN_TYPE not found in GlaDOS.core.i_mcu.data_driver.pins.DQ_14.
./../mcu/state2.v:636: warning: parameter IO_STANDARD not found in GlaDOS.core.i_mcu.data_driver.pins.DQ_14.
./../mcu/state2.v:648: warning: parameter PIN_TYPE not found in GlaDOS.core.i_mcu.data_driver.pins.DQ_15.
./../mcu/state2.v:649: warning: parameter IO_STANDARD not found in GlaDOS.core.i_mcu.data_driver.pins.DQ_15.
./../mcu/state2.v:668: warning: parameter PIN_TYPE not found in GlaDOS.core.i_mcu.clock.CLK_POS.
./../mcu/state2.v:669: warning: parameter IO_STANDARD not found in GlaDOS.core.i_mcu.clock.CLK_POS.
./../mcu/state2.v:681: warning: parameter PIN_TYPE not found in GlaDOS.core.i_mcu.clock.CLK_NEG.
./../mcu/state2.v:682: warning: parameter IO_STANDARD not found in GlaDOS.core.i_mcu.clock.CLK_NEG.
./ddr2.v:1718: tgt-vvp warning: V0.9 may give incorrect results when casting an unsigned value greater than 63 bits to a real value.
./ddr2.v:1718: tgt-vvp warning: V0.9 may give incorrect results when casting an unsigned value greater than 63 bits to a real value.
./ddr2.v:1145: tgt-vvp warning: V0.9 may give incorrect results when casting an unsigned value greater than 63 bits to a real value.
./ddr2.v:1147: tgt-vvp warning: V0.9 may give incorrect results when casting an unsigned value greater than 63 bits to a real value.
./ddr2.v:1147: tgt-vvp warning: V0.9 may give incorrect results when casting an unsigned value greater than 63 bits to a real value.
./ddr2.v:1758: tgt-vvp warning: V0.9 may give incorrect results when casting an unsigned value greater than 63 bits to a real value.
./ddr2.v:1758: tgt-vvp warning: V0.9 may give incorrect results when casting an unsigned value greater than 63 bits to a real value.
./ddr2.v:1794: tgt-vvp warning: V0.9 may give incorrect results when casting an unsigned value greater than 63 bits to a real value.
./ddr2.v:1794: tgt-vvp warning: V0.9 may give incorrect results when casting an unsigned value greater than 63 bits to a real value.
./ddr2.v:1718: tgt-vvp warning: V0.9 may give incorrect results when casting an unsigned value greater than 63 bits to a real value.
./ddr2.v:1718: tgt-vvp warning: V0.9 may give incorrect results when casting an unsigned value greater than 63 bits to a real value.
./ddr2.v:1145: tgt-vvp warning: V0.9 may give incorrect results when casting an unsigned value greater than 63 bits to a real value.
./ddr2.v:1147: tgt-vvp warning: V0.9 may give incorrect results when casting an unsigned value greater than 63 bits to a real value.
./ddr2.v:1147: tgt-vvp warning: V0.9 may give incorrect results when casting an unsigned value greater than 63 bits to a real value.
./ddr2.v:1758: tgt-vvp warning: V0.9 may give incorrect results when casting an unsigned value greater than 63 bits to a real value.
./ddr2.v:1758: tgt-vvp warning: V0.9 may give incorrect results when casting an unsigned value greater than 63 bits to a real value.
./ddr2.v:1794: tgt-vvp warning: V0.9 may give incorrect results when casting an unsigned value greater than 63 bits to a real value.
./ddr2.v:1794: tgt-vvp warning: V0.9 may give incorrect results when casting an unsigned value greater than 63 bits to a real value.
./ddr2.v:1463: tgt-vvp warning: V0.9 may give incorrect results when casting an unsigned value greater than 63 bits to a real value.
./ddr2.v:1464: tgt-vvp warning: V0.9 may give incorrect results when casting an unsigned value greater than 63 bits to a real value.
./ddr2.v:1466: tgt-vvp warning: V0.9 may give incorrect results when casting an unsigned value greater than 63 bits to a real value.
./ddr2.v:1472: tgt-vvp warning: V0.9 may give incorrect results when casting an unsigned value greater than 63 bits to a real value.
./ddr2.v:1500: tgt-vvp warning: V0.9 may give incorrect results when casting an unsigned value greater than 63 bits to a real value.
./ddr2.v:1500: tgt-vvp warning: V0.9 may give incorrect results when casting an unsigned value greater than 63 bits to a real value.
./ddr2.v:1501: tgt-vvp warning: V0.9 may give incorrect results when casting an unsigned value greater than 63 bits to a real value.
./ddr2.v:1501: tgt-vvp warning: V0.9 may give incorrect results when casting an unsigned value greater than 63 bits to a real value.
./ddr2.v:1502: tgt-vvp warning: V0.9 may give incorrect results when casting an unsigned value greater than 63 bits to a real value.
./ddr2.v:1502: tgt-vvp warning: V0.9 may give incorrect results when casting an unsigned value greater than 63 bits to a real value.
(null):0: tgt-vvp warning: V0.9 may give incorrect results when casting an unsigned value greater than 63 bits to a real value.
./ddr2.v:1511: tgt-vvp warning: V0.9 may give incorrect results when casting an unsigned value greater than 63 bits to a real value.
./ddr2.v:1512: tgt-vvp warning: V0.9 may give incorrect results when casting an unsigned value greater than 63 bits to a real value.
./ddr2.v:1527: tgt-vvp warning: V0.9 may give incorrect results when casting an unsigned value greater than 63 bits to a real value.
./ddr2.v:1527: tgt-vvp warning: V0.9 may give incorrect results when casting an unsigned value greater than 63 bits to a real value.
./ddr2.v:1528: tgt-vvp warning: V0.9 may give incorrect results when casting an unsigned value greater than 63 bits to a real value.
./ddr2.v:1528: tgt-vvp warning: V0.9 may give incorrect results when casting an unsigned value greater than 63 bits to a real value.
./ddr2.v:1529: tgt-vvp warning: V0.9 may give incorrect results when casting an unsigned value greater than 63 bits to a real value.
./ddr2.v:1529: tgt-vvp warning: V0.9 may give incorrect results when casting an unsigned value greater than 63 bits to a real value.
(null):0: tgt-vvp warning: V0.9 may give incorrect results when casting an unsigned value greater than 63 bits to a real value.
./ddr2.v:1538: tgt-vvp warning: V0.9 may give incorrect results when casting an unsigned value greater than 63 bits to a real value.
./ddr2.v:1539: tgt-vvp warning: V0.9 may give incorrect results when casting an unsigned value greater than 63 bits to a real value.
./ddr2.v:1695: tgt-vvp warning: V0.9 may give incorrect results when casting an unsigned value greater than 63 bits to a real value.
./ddr2.v:1695: tgt-vvp warning: V0.9 may give incorrect results when casting an unsigned value greater than 63 bits to a real value.
./ddr2.v:1703: tgt-vvp warning: V0.9 may give incorrect results when casting an unsigned value greater than 63 bits to a real value.
./ddr2.v:1703: tgt-vvp warning: V0.9 may give incorrect results when casting an unsigned value greater than 63 bits to a real value.
./ddr2.v:1463: tgt-vvp warning: V0.9 may give incorrect results when casting an unsigned value greater than 63 bits to a real value.
./ddr2.v:1464: tgt-vvp warning: V0.9 may give incorrect results when casting an unsigned value greater than 63 bits to a real value.
./ddr2.v:1466: tgt-vvp warning: V0.9 may give incorrect results when casting an unsigned value greater than 63 bits to a real value.
./ddr2.v:1472: tgt-vvp warning: V0.9 may give incorrect results when casting an unsigned value greater than 63 bits to a real value.
./ddr2.v:1500: tgt-vvp warning: V0.9 may give incorrect results when casting an unsigned value greater than 63 bits to a real value.
./ddr2.v:1500: tgt-vvp warning: V0.9 may give incorrect results when casting an unsigned value greater than 63 bits to a real value.
./ddr2.v:1501: tgt-vvp warning: V0.9 may give incorrect results when casting an unsigned value greater than 63 bits to a real value.
./ddr2.v:1501: tgt-vvp warning: V0.9 may give incorrect results when casting an unsigned value greater than 63 bits to a real value.
./ddr2.v:1502: tgt-vvp warning: V0.9 may give incorrect results when casting an unsigned value greater than 63 bits to a real value.
./ddr2.v:1502: tgt-vvp warning: V0.9 may give incorrect results when casting an unsigned value greater than 63 bits to a real value.
(null):0: tgt-vvp warning: V0.9 may give incorrect results when casting an unsigned value greater than 63 bits to a real value.
./ddr2.v:1511: tgt-vvp warning: V0.9 may give incorrect results when casting an unsigned value greater than 63 bits to a real value.
./ddr2.v:1512: tgt-vvp warning: V0.9 may give incorrect results when casting an unsigned value greater than 63 bits to a real value.
./ddr2.v:1527: tgt-vvp warning: V0.9 may give incorrect results when casting an unsigned value greater than 63 bits to a real value.
./ddr2.v:1527: tgt-vvp warning: V0.9 may give incorrect results when casting an unsigned value greater than 63 bits to a real value.
./ddr2.v:1528: tgt-vvp warning: V0.9 may give incorrect results when casting an unsigned value greater than 63 bits to a real value.
./ddr2.v:1528: tgt-vvp warning: V0.9 may give incorrect results when casting an unsigned value greater than 63 bits to a real value.
./ddr2.v:1529: tgt-vvp warning: V0.9 may give incorrect results when casting an unsigned value greater than 63 bits to a real value.
./ddr2.v:1529: tgt-vvp warning: V0.9 may give incorrect results when casting an unsigned value greater than 63 bits to a real value.
(null):0: tgt-vvp warning: V0.9 may give incorrect results when casting an unsigned value greater than 63 bits to a real value.
./ddr2.v:1538: tgt-vvp warning: V0.9 may give incorrect results when casting an unsigned value greater than 63 bits to a real value.
./ddr2.v:1539: tgt-vvp warning: V0.9 may give incorrect results when casting an unsigned value greater than 63 bits to a real value.
./ddr2.v:1695: tgt-vvp warning: V0.9 may give incorrect results when casting an unsigned value greater than 63 bits to a real value.
./ddr2.v:1695: tgt-vvp warning: V0.9 may give incorrect results when casting an unsigned value greater than 63 bits to a real value.
./ddr2.v:1703: tgt-vvp warning: V0.9 may give incorrect results when casting an unsigned value greater than 63 bits to a real value.
./ddr2.v:1703: tgt-vvp warning: V0.9 may give incorrect results when casting an unsigned value greater than 63 bits to a real value.
GlaDOS.d_ddr2_mem.cmd_task: at time 391891500.0 ps INFO: Precharge All
GlaDOS.i_ddr2_mem.cmd_task: at time 391891500.0 ps INFO: Precharge All
GlaDOS.d_ddr2_mem.cmd_task: at time 392071500.0 ps INFO: Load Mode 2
GlaDOS.d_ddr2_mem.cmd_task: at time 392071500.0 ps INFO: Load Mode 2 High Temperature Self Refresh rate = 1X (0C-85C)
GlaDOS.i_ddr2_mem.cmd_task: at time 392071500.0 ps INFO: Load Mode 2
GlaDOS.i_ddr2_mem.cmd_task: at time 392071500.0 ps INFO: Load Mode 2 High Temperature Self Refresh rate = 1X (0C-85C)
GlaDOS.d_ddr2_mem.cmd_task: at time 392251500.0 ps INFO: Load Mode 3
GlaDOS.i_ddr2_mem.cmd_task: at time 392251500.0 ps INFO: Load Mode 3
GlaDOS.d_ddr2_mem.cmd_task: at time 392431500.0 ps INFO: Load Mode 1
GlaDOS.d_ddr2_mem.cmd_task: at time 392431500.0 ps INFO: Load Mode 1 DLL Enable = Enabled
GlaDOS.d_ddr2_mem.cmd_task: at time 392431500.0 ps INFO: Load Mode 1 Output Drive Strength = Full
GlaDOS.d_ddr2_mem.cmd_task: at time 392431500.0 ps INFO: Load Mode 1 ODT Rtt = Disabled
GlaDOS.d_ddr2_mem.cmd_task: at time 392431500.0 ps INFO: Load Mode 1 Additive Latency =           0
GlaDOS.d_ddr2_mem.cmd_task: at time 392431500.0 ps INFO: Load Mode 1 OCD Program = OCD Default
GlaDOS.d_ddr2_mem.cmd_task: at time 392431500.0 ps INFO: Load Mode 1 DQS_N Enable = Disabled
GlaDOS.d_ddr2_mem.cmd_task: at time 392431500.0 ps INFO: Load Mode 1 RDQS Enable = Disabled
GlaDOS.d_ddr2_mem.cmd_task: at time 392431500.0 ps INFO: Load Mode 1 Output Enable = Enabled
GlaDOS.i_ddr2_mem.cmd_task: at time 392431500.0 ps INFO: Load Mode 1
GlaDOS.i_ddr2_mem.cmd_task: at time 392431500.0 ps INFO: Load Mode 1 DLL Enable = Enabled
GlaDOS.i_ddr2_mem.cmd_task: at time 392431500.0 ps INFO: Load Mode 1 Output Drive Strength = Full
GlaDOS.i_ddr2_mem.cmd_task: at time 392431500.0 ps INFO: Load Mode 1 ODT Rtt = Disabled
GlaDOS.i_ddr2_mem.cmd_task: at time 392431500.0 ps INFO: Load Mode 1 Additive Latency =           0
GlaDOS.i_ddr2_mem.cmd_task: at time 392431500.0 ps INFO: Load Mode 1 OCD Program = OCD Default
GlaDOS.i_ddr2_mem.cmd_task: at time 392431500.0 ps INFO: Load Mode 1 DQS_N Enable = Disabled
GlaDOS.i_ddr2_mem.cmd_task: at time 392431500.0 ps INFO: Load Mode 1 RDQS Enable = Disabled
GlaDOS.i_ddr2_mem.cmd_task: at time 392431500.0 ps INFO: Load Mode 1 Output Enable = Enabled
GlaDOS.d_ddr2_mem.cmd_task: at time 392611500.0 ps INFO: Load Mode 0
GlaDOS.d_ddr2_mem.cmd_task: at time 392611500.0 ps INFO: Load Mode 0 Burst Length =  4
GlaDOS.d_ddr2_mem.cmd_task: at time 392611500.0 ps INFO: Load Mode 0 Burst Order = Sequential
GlaDOS.d_ddr2_mem.cmd_task: at time 392611500.0 ps INFO: Load Mode 0 CAS Latency =           3
GlaDOS.d_ddr2_mem.cmd_task: at time 392611500.0 ps INFO: Load Mode 0 Test Mode = Normal
GlaDOS.d_ddr2_mem.cmd_task: at time 392611500.0 ps INFO: Load Mode 0 DLL Reset = Reset DLL
GlaDOS.d_ddr2_mem.cmd_task: at time 392611500.0 ps INFO: Load Mode 0 Write Recovery =           3
GlaDOS.d_ddr2_mem.cmd_task: at time 392611500.0 ps INFO: Load Mode 0 Power Down Mode = Fast Exit
GlaDOS.i_ddr2_mem.cmd_task: at time 392611500.0 ps INFO: Load Mode 0
GlaDOS.i_ddr2_mem.cmd_task: at time 392611500.0 ps INFO: Load Mode 0 Burst Length =  4
GlaDOS.i_ddr2_mem.cmd_task: at time 392611500.0 ps INFO: Load Mode 0 Burst Order = Sequential
GlaDOS.i_ddr2_mem.cmd_task: at time 392611500.0 ps INFO: Load Mode 0 CAS Latency =           3
GlaDOS.i_ddr2_mem.cmd_task: at time 392611500.0 ps INFO: Load Mode 0 Test Mode = Normal
GlaDOS.i_ddr2_mem.cmd_task: at time 392611500.0 ps INFO: Load Mode 0 DLL Reset = Reset DLL
GlaDOS.i_ddr2_mem.cmd_task: at time 392611500.0 ps INFO: Load Mode 0 Write Recovery =           3
GlaDOS.i_ddr2_mem.cmd_task: at time 392611500.0 ps INFO: Load Mode 0 Power Down Mode = Fast Exit
GlaDOS.d_ddr2_mem.cmd_task: at time 392791500.0 ps INFO: Precharge All
GlaDOS.i_ddr2_mem.cmd_task: at time 392791500.0 ps INFO: Precharge All
GlaDOS.d_ddr2_mem.cmd_task: at time 392971500.0 ps INFO: Refresh  
GlaDOS.i_ddr2_mem.cmd_task: at time 392971500.0 ps INFO: Refresh  
GlaDOS.d_ddr2_mem.cmd_task: at time 393151500.0 ps INFO: Refresh  
GlaDOS.i_ddr2_mem.cmd_task: at time 393151500.0 ps INFO: Refresh  
GlaDOS.d_ddr2_mem.cmd_task: at time 393331500.0 ps INFO: Load Mode 0
GlaDOS.d_ddr2_mem.cmd_task: at time 393331500.0 ps INFO: Load Mode 0 Burst Length =  4
GlaDOS.d_ddr2_mem.cmd_task: at time 393331500.0 ps INFO: Load Mode 0 Burst Order = Sequential
GlaDOS.d_ddr2_mem.cmd_task: at time 393331500.0 ps INFO: Load Mode 0 CAS Latency =           3
GlaDOS.d_ddr2_mem.cmd_task: at time 393331500.0 ps INFO: Load Mode 0 Test Mode = Normal
GlaDOS.d_ddr2_mem.cmd_task: at time 393331500.0 ps INFO: Load Mode 0 DLL Reset = Normal
GlaDOS.d_ddr2_mem.cmd_task: at time 393331500.0 ps INFO: Load Mode 0 Write Recovery =           3
GlaDOS.d_ddr2_mem.cmd_task: at time 393331500.0 ps INFO: Load Mode 0 Power Down Mode = Fast Exit
GlaDOS.i_ddr2_mem.cmd_task: at time 393331500.0 ps INFO: Load Mode 0
GlaDOS.i_ddr2_mem.cmd_task: at time 393331500.0 ps INFO: Load Mode 0 Burst Length =  4
GlaDOS.i_ddr2_mem.cmd_task: at time 393331500.0 ps INFO: Load Mode 0 Burst Order = Sequential
GlaDOS.i_ddr2_mem.cmd_task: at time 393331500.0 ps INFO: Load Mode 0 CAS Latency =           3
GlaDOS.i_ddr2_mem.cmd_task: at time 393331500.0 ps INFO: Load Mode 0 Test Mode = Normal
GlaDOS.i_ddr2_mem.cmd_task: at time 393331500.0 ps INFO: Load Mode 0 DLL Reset = Normal
GlaDOS.i_ddr2_mem.cmd_task: at time 393331500.0 ps INFO: Load Mode 0 Write Recovery =           3
GlaDOS.i_ddr2_mem.cmd_task: at time 393331500.0 ps INFO: Load Mode 0 Power Down Mode = Fast Exit
GlaDOS.d_ddr2_mem.cmd_task: at time 393511500.0 ps INFO: Load Mode 1
GlaDOS.d_ddr2_mem.cmd_task: at time 393511500.0 ps INFO: Load Mode 1 DLL Enable = Enabled
GlaDOS.d_ddr2_mem.cmd_task: at time 393511500.0 ps INFO: Load Mode 1 Output Drive Strength = Full
GlaDOS.d_ddr2_mem.cmd_task: at time 393511500.0 ps INFO: Load Mode 1 ODT Rtt = Disabled
GlaDOS.d_ddr2_mem.cmd_task: at time 393511500.0 ps INFO: Load Mode 1 Additive Latency =           0
GlaDOS.d_ddr2_mem.cmd_task: at time 393511500.0 ps INFO: Load Mode 1 OCD Program = OCD Default
GlaDOS.d_ddr2_mem.cmd_task: at time 393511500.0 ps INFO: Load Mode 1 DQS_N Enable = Disabled
GlaDOS.d_ddr2_mem.cmd_task: at time 393511500.0 ps INFO: Load Mode 1 RDQS Enable = Disabled
GlaDOS.d_ddr2_mem.cmd_task: at time 393511500.0 ps INFO: Load Mode 1 Output Enable = Enabled
GlaDOS.i_ddr2_mem.cmd_task: at time 393511500.0 ps INFO: Load Mode 1
GlaDOS.i_ddr2_mem.cmd_task: at time 393511500.0 ps INFO: Load Mode 1 DLL Enable = Enabled
GlaDOS.i_ddr2_mem.cmd_task: at time 393511500.0 ps INFO: Load Mode 1 Output Drive Strength = Full
GlaDOS.i_ddr2_mem.cmd_task: at time 393511500.0 ps INFO: Load Mode 1 ODT Rtt = Disabled
GlaDOS.i_ddr2_mem.cmd_task: at time 393511500.0 ps INFO: Load Mode 1 Additive Latency =           0
GlaDOS.i_ddr2_mem.cmd_task: at time 393511500.0 ps INFO: Load Mode 1 OCD Program = OCD Default
GlaDOS.i_ddr2_mem.cmd_task: at time 393511500.0 ps INFO: Load Mode 1 DQS_N Enable = Disabled
GlaDOS.i_ddr2_mem.cmd_task: at time 393511500.0 ps INFO: Load Mode 1 RDQS Enable = Disabled
GlaDOS.i_ddr2_mem.cmd_task: at time 393511500.0 ps INFO: Load Mode 1 Output Enable = Enabled
GlaDOS.d_ddr2_mem.cmd_task: at time 393691500.0 ps INFO: Load Mode 1
GlaDOS.d_ddr2_mem.cmd_task: at time 393691500.0 ps INFO: Load Mode 1 DLL Enable = Enabled
GlaDOS.d_ddr2_mem.cmd_task: at time 393691500.0 ps INFO: Load Mode 1 Output Drive Strength = Full
GlaDOS.d_ddr2_mem.cmd_task: at time 393691500.0 ps INFO: Load Mode 1 ODT Rtt = Disabled
GlaDOS.d_ddr2_mem.cmd_task: at time 393691500.0 ps INFO: Load Mode 1 Additive Latency =           0
GlaDOS.d_ddr2_mem.cmd_task: at time 393691500.0 ps INFO: Load Mode 1 OCD Program = OCD Exit
GlaDOS.d_ddr2_mem.cmd_task: at time 393691500.0 ps INFO: Load Mode 1 DQS_N Enable = Disabled
GlaDOS.d_ddr2_mem.cmd_task: at time 393691500.0 ps INFO: Load Mode 1 RDQS Enable = Disabled
GlaDOS.d_ddr2_mem.cmd_task: at time 393691500.0 ps INFO: Load Mode 1 Output Enable = Enabled
GlaDOS.d_ddr2_mem.cmd_task: at time 393691500.0 ps INFO: Initialization Sequence is complete
GlaDOS.i_ddr2_mem.cmd_task: at time 393691500.0 ps INFO: Load Mode 1
GlaDOS.i_ddr2_mem.cmd_task: at time 393691500.0 ps INFO: Load Mode 1 DLL Enable = Enabled
GlaDOS.i_ddr2_mem.cmd_task: at time 393691500.0 ps INFO: Load Mode 1 Output Drive Strength = Full
GlaDOS.i_ddr2_mem.cmd_task: at time 393691500.0 ps INFO: Load Mode 1 ODT Rtt = Disabled
GlaDOS.i_ddr2_mem.cmd_task: at time 393691500.0 ps INFO: Load Mode 1 Additive Latency =           0
GlaDOS.i_ddr2_mem.cmd_task: at time 393691500.0 ps INFO: Load Mode 1 OCD Program = OCD Exit
GlaDOS.i_ddr2_mem.cmd_task: at time 393691500.0 ps INFO: Load Mode 1 DQS_N Enable = Disabled
GlaDOS.i_ddr2_mem.cmd_task: at time 393691500.0 ps INFO: Load Mode 1 RDQS Enable = Disabled
GlaDOS.i_ddr2_mem.cmd_task: at time 393691500.0 ps INFO: Load Mode 1 Output Enable = Enabled
GlaDOS.i_ddr2_mem.cmd_task: at time 393691500.0 ps INFO: Initialization Sequence is complete
GlaDOS.d_ddr2_mem.cmd_task: at time 396703500.0 ps INFO: Refresh  
GlaDOS.i_ddr2_mem.cmd_task: at time 396703500.0 ps INFO: Refresh  
d cmd 1 addr xxxx bank x we c data xxxxxxxx predata xxxxxxxx
GlaDOS.d_ddr2_mem.cmd_task: at time 399007500.0 ps INFO: Refresh  
GlaDOS.i_ddr2_mem.cmd_task: at time 399007500.0 ps INFO: Refresh  
d cmd 1 addr xxxx bank x we c data xxxxxxxx predata xxxxxxxx
GlaDOS.d_ddr2_mem.cmd_task: at time 400297500.0 ps INFO: Activate  bank 0 row 0003
d cmd 3 addr 0003 bank 0 we c data 00000000 predata 00000000
lsb_do 00000000 swc_is 04 swc_dc 00000000 swx_os ff02 swc_do 00000000
MCU we 1 wea 3
lsb_do 01000004 swc_is 04 swc_dc 00000000 swx_os ff02 swc_do 00000000
lsb_do 01000005 swc_is 04 swc_dc 01000004 swx_os ff02 swc_do 00000000
GlaDOS.d_ddr2_mem.cmd_task: at time 400351500.0 ps INFO: Write     bank 0 col 004, auto precharge 0
MCU we 1 wea f
d cmd 4 addr 0004 bank 0 we 3 data 00000000 predata 00000000
GlaDOS.d_ddr2_mem.cmd_task: at time 400363500.0 ps INFO: Write     bank 0 col 008, auto precharge 0
d cmd 4 addr 0008 bank 0 we f data 01000005 predata 00000000
GlaDOS.d_ddr2_mem.data_task: at time 400366500.0 ps INFO: WRITE @ DQS= bank = 0 row = 0003 col = 004 data = xxxx
GlaDOS.d_ddr2_mem.data_task: at time 400369500.0 ps INFO: WRITE @ DQS= bank = 0 row = 0003 col = 005 data = xxxx
GlaDOS.d_ddr2_mem.data_task: at time 400372500.0 ps INFO: WRITE @ DQS= bank = 0 row = 0003 col = 006 data = 0100
GlaDOS.d_ddr2_mem.data_task: at time 400375500.0 ps INFO: WRITE @ DQS= bank = 0 row = 0003 col = 007 data = 0004
GlaDOS.d_ddr2_mem.data_task: at time 400378500.0 ps INFO: WRITE @ DQS= bank = 0 row = 0003 col = 008 data = 0100
GlaDOS.d_ddr2_mem.data_task: at time 400381500.0 ps INFO: WRITE @ DQS= bank = 0 row = 0003 col = 009 data = 0005
GlaDOS.d_ddr2_mem.data_task: at time 400384500.0 ps INFO: WRITE @ DQS= bank = 0 row = 0003 col = 00a data = 0100
GlaDOS.d_ddr2_mem.data_task: at time 400387500.0 ps INFO: WRITE @ DQS= bank = 0 row = 0003 col = 00b data = 0006
lsab_cw data_out 00000000
lsab_cw data_out 00000000
lsab_cw data_out 00000000
GlaDOS.d_ddr2_mem.cmd_task: at time 401311500.0 ps INFO: Precharge All
GlaDOS.i_ddr2_mem.cmd_task: at time 401311500.0 ps INFO: Refresh  
d cmd 2 addr 0400 bank 0 we c data fffffffe predata fffffffe
GlaDOS.d_ddr2_mem.cmd_task: at time 401341500.0 ps INFO: Refresh  
d cmd 1 addr 3ffe bank 0 we c data fffffffe predata fffffffe
GlaDOS.d_ddr2_mem.cmd_task: at time 403615500.0 ps INFO: Refresh  
GlaDOS.i_ddr2_mem.cmd_task: at time 403615500.0 ps INFO: Refresh  
d cmd 1 addr 3ffe bank 0 we c data fffffffe predata fffffffe
GlaDOS.d_ddr2_mem.cmd_task: at time 405919500.0 ps INFO: Refresh  
GlaDOS.i_ddr2_mem.cmd_task: at time 405919500.0 ps INFO: Refresh  
d cmd 1 addr 3ffe bank 0 we c data fffffffe predata fffffffe
halting CTR 0000000000010914
acc ffff
input_reg  000c 0000       xxxx xxxx
output_reg 3003 0000 c00d  0000 0000 0000
0000000000: 0018 xxxx xxxx xxxx  ffff fffe e7ff e009
0000000008: xxxx xxxx xxxx xxxx  xxxx xxxx xxxx xxxx
0000000010: xxxx xxxx xxxx xxxx  xxxx xxxx xxxx xxxx
0000000018: xxxx xxxx xxxx xxxx  xxxx xxxx xxxx xxxx
0000000020: xxxx xxxx xxxx xxxx  xxxx xxxx xxxx xxxx
0000000028: xxxx xxxx xxxx xxxx  xxxx xxxx xxxx xxxx
0000000030: xxxx xxxx xxxx xxxx  xxxx xxxx xxxx xxxx
0000000038: xxxx xxxx xxxx xxxx  xxxx xxxx xxxx xxxx
0000000040: xxxx xxxx xxxx xxxx  xxxx xxxx xxxx xxxx
0000000048: xxxx xxxx xxxx xxxx  xxxx xxxx xxxx xxxx
0000000050: xxxx xxxx xxxx xxxx  xxxx xxxx xxxx xxxx
0000000058: xxxx xxxx xxxx xxxx  xxxx xxxx xxxx xxxx
0000000060: xxxx xxxx xxxx xxxx  xxxx xxxx xxxx xxxx
0000000068: xxxx xxxx xxxx xxxx  xxxx xxxx xxxx xxxx
0000000070: xxxx xxxx xxxx xxxx  xxxx xxxx xxxx xxxx
0000000078: xxxx xxxx xxxx xxxx  xxxx xxxx xxxx xxxx
0000000080: 3003 0000 c00d xxxx  xxxx xxxx xxxx xxxx
0000000088: xxxx xxxx xxxx xxxx  xxxx xxxx xxxx xxxx
0000000090: xxxx xxxx xxxx xxxx  xxxx xxxx xxxx xxxx
0000000098: xxxx xxxx xxxx xxxx  xxxx xxxx xxxx xxxx
00000000a0: xxxx xxxx xxxx xxxx  xxxx xxxx xxxx xxxx
00000000a8: xxxx xxxx xxxx xxxx  xxxx xxxx xxxx xxxx
00000000b0: xxxx xxxx xxxx xxxx  xxxx xxxx xxxx xxxx
00000000b8: xxxx xxxx xxxx xxxx  xxxx xxxx xxxx xxxx
00000000c0: xxxx xxxx xxxx xxxx  xxxx xxxx xxxx xxxx
00000000c8: xxxx xxxx xxxx xxxx  xxxx xxxx xxxx xxxx
00000000d0: xxxx xxxx xxxx xxxx  xxxx xxxx xxxx xxxx
00000000d8: xxxx xxxx xxxx xxxx  xxxx xxxx xxxx xxxx
00000000e0: xxxx xxxx xxxx xxxx  xxxx xxxx xxxx xxxx
00000000e8: xxxx xxxx xxxx xxxx  xxxx xxxx xxxx xxxx
00000000f0: xxxx xxxx xxxx xxxx  xxxx xxxx xxxx xxxx
00000000f8: xxxx xxxx xxxx xxxx  xxxx xxxx xxxx 0000
wMSR 00ed3200
 r0: 00000000,  r1: ffffffff,  r2: fffffffe  r3: 00000001
 r4: 00000000,  r5: 00000000,  r6: 8932d612  r7: 00000001
 r8: c0000000,  r9: fe000045, r10: 00000002 r11: cecccc9d
r12: 86bc380d, r13: eaa62ad5, r14: 0effe91d r15: 0509650a
r16: 7968bdf2, r17: ec4b34d8, r18: 75c50deb r19: 571513ae
r20: 85d79a0b, r21: 27f2554f, r22: bf23327e r23: 6c9c4bd9
r24: ffffffff, r25: dbcd60b7, r26: adcbc05b r27: 00000000
r28: 4b212f96, r29: 6457edc8, r30: 090cdb12 r31: 00000000
