./../mcu/state2.v:713: warning: parameter PIN_TYPE not found in GlaDOS.core.d_mcu.data_driver.pins.DQS_01.driver.
./../mcu/state2.v:714: warning: parameter IO_STANDARD not found in GlaDOS.core.d_mcu.data_driver.pins.DQS_01.driver.
./../mcu/state2.v:713: warning: parameter PIN_TYPE not found in GlaDOS.core.d_mcu.data_driver.pins.DQS_00.driver.
./../mcu/state2.v:714: warning: parameter IO_STANDARD not found in GlaDOS.core.d_mcu.data_driver.pins.DQS_00.driver.
./../mcu/state2.v:431: warning: parameter PIN_TYPE not found in GlaDOS.core.d_mcu.data_driver.pins.DM_00.
./../mcu/state2.v:432: warning: parameter IO_STANDARD not found in GlaDOS.core.d_mcu.data_driver.pins.DM_00.
./../mcu/state2.v:444: warning: parameter PIN_TYPE not found in GlaDOS.core.d_mcu.data_driver.pins.DM_01.
./../mcu/state2.v:445: warning: parameter IO_STANDARD not found in GlaDOS.core.d_mcu.data_driver.pins.DM_01.
./../mcu/state2.v:457: warning: parameter PIN_TYPE not found in GlaDOS.core.d_mcu.data_driver.pins.DQ_00.
./../mcu/state2.v:458: warning: parameter IO_STANDARD not found in GlaDOS.core.d_mcu.data_driver.pins.DQ_00.
./../mcu/state2.v:470: warning: parameter PIN_TYPE not found in GlaDOS.core.d_mcu.data_driver.pins.DQ_01.
./../mcu/state2.v:471: warning: parameter IO_STANDARD not found in GlaDOS.core.d_mcu.data_driver.pins.DQ_01.
./../mcu/state2.v:483: warning: parameter PIN_TYPE not found in GlaDOS.core.d_mcu.data_driver.pins.DQ_02.
./../mcu/state2.v:484: warning: parameter IO_STANDARD not found in GlaDOS.core.d_mcu.data_driver.pins.DQ_02.
./../mcu/state2.v:496: warning: parameter PIN_TYPE not found in GlaDOS.core.d_mcu.data_driver.pins.DQ_03.
./../mcu/state2.v:497: warning: parameter IO_STANDARD not found in GlaDOS.core.d_mcu.data_driver.pins.DQ_03.
./../mcu/state2.v:509: warning: parameter PIN_TYPE not found in GlaDOS.core.d_mcu.data_driver.pins.DQ_04.
./../mcu/state2.v:510: warning: parameter IO_STANDARD not found in GlaDOS.core.d_mcu.data_driver.pins.DQ_04.
./../mcu/state2.v:522: warning: parameter PIN_TYPE not found in GlaDOS.core.d_mcu.data_driver.pins.DQ_05.
./../mcu/state2.v:523: warning: parameter IO_STANDARD not found in GlaDOS.core.d_mcu.data_driver.pins.DQ_05.
./../mcu/state2.v:535: warning: parameter PIN_TYPE not found in GlaDOS.core.d_mcu.data_driver.pins.DQ_06.
./../mcu/state2.v:536: warning: parameter IO_STANDARD not found in GlaDOS.core.d_mcu.data_driver.pins.DQ_06.
./../mcu/state2.v:548: warning: parameter PIN_TYPE not found in GlaDOS.core.d_mcu.data_driver.pins.DQ_07.
./../mcu/state2.v:549: warning: parameter IO_STANDARD not found in GlaDOS.core.d_mcu.data_driver.pins.DQ_07.
./../mcu/state2.v:561: warning: parameter PIN_TYPE not found in GlaDOS.core.d_mcu.data_driver.pins.DQ_08.
./../mcu/state2.v:562: warning: parameter IO_STANDARD not found in GlaDOS.core.d_mcu.data_driver.pins.DQ_08.
./../mcu/state2.v:574: warning: parameter PIN_TYPE not found in GlaDOS.core.d_mcu.data_driver.pins.DQ_09.
./../mcu/state2.v:575: warning: parameter IO_STANDARD not found in GlaDOS.core.d_mcu.data_driver.pins.DQ_09.
./../mcu/state2.v:587: warning: parameter PIN_TYPE not found in GlaDOS.core.d_mcu.data_driver.pins.DQ_10.
./../mcu/state2.v:588: warning: parameter IO_STANDARD not found in GlaDOS.core.d_mcu.data_driver.pins.DQ_10.
./../mcu/state2.v:600: warning: parameter PIN_TYPE not found in GlaDOS.core.d_mcu.data_driver.pins.DQ_11.
./../mcu/state2.v:601: warning: parameter IO_STANDARD not found in GlaDOS.core.d_mcu.data_driver.pins.DQ_11.
./../mcu/state2.v:613: warning: parameter PIN_TYPE not found in GlaDOS.core.d_mcu.data_driver.pins.DQ_12.
./../mcu/state2.v:614: warning: parameter IO_STANDARD not found in GlaDOS.core.d_mcu.data_driver.pins.DQ_12.
./../mcu/state2.v:626: warning: parameter PIN_TYPE not found in GlaDOS.core.d_mcu.data_driver.pins.DQ_13.
./../mcu/state2.v:627: warning: parameter IO_STANDARD not found in GlaDOS.core.d_mcu.data_driver.pins.DQ_13.
./../mcu/state2.v:639: warning: parameter PIN_TYPE not found in GlaDOS.core.d_mcu.data_driver.pins.DQ_14.
./../mcu/state2.v:640: warning: parameter IO_STANDARD not found in GlaDOS.core.d_mcu.data_driver.pins.DQ_14.
./../mcu/state2.v:652: warning: parameter PIN_TYPE not found in GlaDOS.core.d_mcu.data_driver.pins.DQ_15.
./../mcu/state2.v:653: warning: parameter IO_STANDARD not found in GlaDOS.core.d_mcu.data_driver.pins.DQ_15.
./../mcu/state2.v:672: warning: parameter PIN_TYPE not found in GlaDOS.core.d_mcu.clock.CLK_POS.
./../mcu/state2.v:673: warning: parameter IO_STANDARD not found in GlaDOS.core.d_mcu.clock.CLK_POS.
./../mcu/state2.v:685: warning: parameter PIN_TYPE not found in GlaDOS.core.d_mcu.clock.CLK_NEG.
./../mcu/state2.v:686: warning: parameter IO_STANDARD not found in GlaDOS.core.d_mcu.clock.CLK_NEG.
./../mcu/state2.v:713: warning: parameter PIN_TYPE not found in GlaDOS.core.i_mcu.data_driver.pins.DQS_01.driver.
./../mcu/state2.v:714: warning: parameter IO_STANDARD not found in GlaDOS.core.i_mcu.data_driver.pins.DQS_01.driver.
./../mcu/state2.v:713: warning: parameter PIN_TYPE not found in GlaDOS.core.i_mcu.data_driver.pins.DQS_00.driver.
./../mcu/state2.v:714: warning: parameter IO_STANDARD not found in GlaDOS.core.i_mcu.data_driver.pins.DQS_00.driver.
./../mcu/state2.v:431: warning: parameter PIN_TYPE not found in GlaDOS.core.i_mcu.data_driver.pins.DM_00.
./../mcu/state2.v:432: warning: parameter IO_STANDARD not found in GlaDOS.core.i_mcu.data_driver.pins.DM_00.
./../mcu/state2.v:444: warning: parameter PIN_TYPE not found in GlaDOS.core.i_mcu.data_driver.pins.DM_01.
./../mcu/state2.v:445: warning: parameter IO_STANDARD not found in GlaDOS.core.i_mcu.data_driver.pins.DM_01.
./../mcu/state2.v:457: warning: parameter PIN_TYPE not found in GlaDOS.core.i_mcu.data_driver.pins.DQ_00.
./../mcu/state2.v:458: warning: parameter IO_STANDARD not found in GlaDOS.core.i_mcu.data_driver.pins.DQ_00.
./../mcu/state2.v:470: warning: parameter PIN_TYPE not found in GlaDOS.core.i_mcu.data_driver.pins.DQ_01.
./../mcu/state2.v:471: warning: parameter IO_STANDARD not found in GlaDOS.core.i_mcu.data_driver.pins.DQ_01.
./../mcu/state2.v:483: warning: parameter PIN_TYPE not found in GlaDOS.core.i_mcu.data_driver.pins.DQ_02.
./../mcu/state2.v:484: warning: parameter IO_STANDARD not found in GlaDOS.core.i_mcu.data_driver.pins.DQ_02.
./../mcu/state2.v:496: warning: parameter PIN_TYPE not found in GlaDOS.core.i_mcu.data_driver.pins.DQ_03.
./../mcu/state2.v:497: warning: parameter IO_STANDARD not found in GlaDOS.core.i_mcu.data_driver.pins.DQ_03.
./../mcu/state2.v:509: warning: parameter PIN_TYPE not found in GlaDOS.core.i_mcu.data_driver.pins.DQ_04.
./../mcu/state2.v:510: warning: parameter IO_STANDARD not found in GlaDOS.core.i_mcu.data_driver.pins.DQ_04.
./../mcu/state2.v:522: warning: parameter PIN_TYPE not found in GlaDOS.core.i_mcu.data_driver.pins.DQ_05.
./../mcu/state2.v:523: warning: parameter IO_STANDARD not found in GlaDOS.core.i_mcu.data_driver.pins.DQ_05.
./../mcu/state2.v:535: warning: parameter PIN_TYPE not found in GlaDOS.core.i_mcu.data_driver.pins.DQ_06.
./../mcu/state2.v:536: warning: parameter IO_STANDARD not found in GlaDOS.core.i_mcu.data_driver.pins.DQ_06.
./../mcu/state2.v:548: warning: parameter PIN_TYPE not found in GlaDOS.core.i_mcu.data_driver.pins.DQ_07.
./../mcu/state2.v:549: warning: parameter IO_STANDARD not found in GlaDOS.core.i_mcu.data_driver.pins.DQ_07.
./../mcu/state2.v:561: warning: parameter PIN_TYPE not found in GlaDOS.core.i_mcu.data_driver.pins.DQ_08.
./../mcu/state2.v:562: warning: parameter IO_STANDARD not found in GlaDOS.core.i_mcu.data_driver.pins.DQ_08.
./../mcu/state2.v:574: warning: parameter PIN_TYPE not found in GlaDOS.core.i_mcu.data_driver.pins.DQ_09.
./../mcu/state2.v:575: warning: parameter IO_STANDARD not found in GlaDOS.core.i_mcu.data_driver.pins.DQ_09.
./../mcu/state2.v:587: warning: parameter PIN_TYPE not found in GlaDOS.core.i_mcu.data_driver.pins.DQ_10.
./../mcu/state2.v:588: warning: parameter IO_STANDARD not found in GlaDOS.core.i_mcu.data_driver.pins.DQ_10.
./../mcu/state2.v:600: warning: parameter PIN_TYPE not found in GlaDOS.core.i_mcu.data_driver.pins.DQ_11.
./../mcu/state2.v:601: warning: parameter IO_STANDARD not found in GlaDOS.core.i_mcu.data_driver.pins.DQ_11.
./../mcu/state2.v:613: warning: parameter PIN_TYPE not found in GlaDOS.core.i_mcu.data_driver.pins.DQ_12.
./../mcu/state2.v:614: warning: parameter IO_STANDARD not found in GlaDOS.core.i_mcu.data_driver.pins.DQ_12.
./../mcu/state2.v:626: warning: parameter PIN_TYPE not found in GlaDOS.core.i_mcu.data_driver.pins.DQ_13.
./../mcu/state2.v:627: warning: parameter IO_STANDARD not found in GlaDOS.core.i_mcu.data_driver.pins.DQ_13.
./../mcu/state2.v:639: warning: parameter PIN_TYPE not found in GlaDOS.core.i_mcu.data_driver.pins.DQ_14.
./../mcu/state2.v:640: warning: parameter IO_STANDARD not found in GlaDOS.core.i_mcu.data_driver.pins.DQ_14.
./../mcu/state2.v:652: warning: parameter PIN_TYPE not found in GlaDOS.core.i_mcu.data_driver.pins.DQ_15.
./../mcu/state2.v:653: warning: parameter IO_STANDARD not found in GlaDOS.core.i_mcu.data_driver.pins.DQ_15.
./../mcu/state2.v:672: warning: parameter PIN_TYPE not found in GlaDOS.core.i_mcu.clock.CLK_POS.
./../mcu/state2.v:673: warning: parameter IO_STANDARD not found in GlaDOS.core.i_mcu.clock.CLK_POS.
./../mcu/state2.v:685: warning: parameter PIN_TYPE not found in GlaDOS.core.i_mcu.clock.CLK_NEG.
./../mcu/state2.v:686: warning: parameter IO_STANDARD not found in GlaDOS.core.i_mcu.clock.CLK_NEG.
./ddr2.v:1718: tgt-vvp warning: V0.9 may give incorrect results when casting an unsigned value greater than 63 bits to a real value.
./ddr2.v:1718: tgt-vvp warning: V0.9 may give incorrect results when casting an unsigned value greater than 63 bits to a real value.
./ddr2.v:1145: tgt-vvp warning: V0.9 may give incorrect results when casting an unsigned value greater than 63 bits to a real value.
./ddr2.v:1147: tgt-vvp warning: V0.9 may give incorrect results when casting an unsigned value greater than 63 bits to a real value.
./ddr2.v:1147: tgt-vvp warning: V0.9 may give incorrect results when casting an unsigned value greater than 63 bits to a real value.
./ddr2.v:1758: tgt-vvp warning: V0.9 may give incorrect results when casting an unsigned value greater than 63 bits to a real value.
./ddr2.v:1758: tgt-vvp warning: V0.9 may give incorrect results when casting an unsigned value greater than 63 bits to a real value.
./ddr2.v:1794: tgt-vvp warning: V0.9 may give incorrect results when casting an unsigned value greater than 63 bits to a real value.
./ddr2.v:1794: tgt-vvp warning: V0.9 may give incorrect results when casting an unsigned value greater than 63 bits to a real value.
./ddr2.v:1718: tgt-vvp warning: V0.9 may give incorrect results when casting an unsigned value greater than 63 bits to a real value.
./ddr2.v:1718: tgt-vvp warning: V0.9 may give incorrect results when casting an unsigned value greater than 63 bits to a real value.
./ddr2.v:1145: tgt-vvp warning: V0.9 may give incorrect results when casting an unsigned value greater than 63 bits to a real value.
./ddr2.v:1147: tgt-vvp warning: V0.9 may give incorrect results when casting an unsigned value greater than 63 bits to a real value.
./ddr2.v:1147: tgt-vvp warning: V0.9 may give incorrect results when casting an unsigned value greater than 63 bits to a real value.
./ddr2.v:1758: tgt-vvp warning: V0.9 may give incorrect results when casting an unsigned value greater than 63 bits to a real value.
./ddr2.v:1758: tgt-vvp warning: V0.9 may give incorrect results when casting an unsigned value greater than 63 bits to a real value.
./ddr2.v:1794: tgt-vvp warning: V0.9 may give incorrect results when casting an unsigned value greater than 63 bits to a real value.
./ddr2.v:1794: tgt-vvp warning: V0.9 may give incorrect results when casting an unsigned value greater than 63 bits to a real value.
./ddr2.v:1463: tgt-vvp warning: V0.9 may give incorrect results when casting an unsigned value greater than 63 bits to a real value.
./ddr2.v:1464: tgt-vvp warning: V0.9 may give incorrect results when casting an unsigned value greater than 63 bits to a real value.
./ddr2.v:1466: tgt-vvp warning: V0.9 may give incorrect results when casting an unsigned value greater than 63 bits to a real value.
./ddr2.v:1472: tgt-vvp warning: V0.9 may give incorrect results when casting an unsigned value greater than 63 bits to a real value.
./ddr2.v:1500: tgt-vvp warning: V0.9 may give incorrect results when casting an unsigned value greater than 63 bits to a real value.
./ddr2.v:1500: tgt-vvp warning: V0.9 may give incorrect results when casting an unsigned value greater than 63 bits to a real value.
./ddr2.v:1501: tgt-vvp warning: V0.9 may give incorrect results when casting an unsigned value greater than 63 bits to a real value.
./ddr2.v:1501: tgt-vvp warning: V0.9 may give incorrect results when casting an unsigned value greater than 63 bits to a real value.
./ddr2.v:1502: tgt-vvp warning: V0.9 may give incorrect results when casting an unsigned value greater than 63 bits to a real value.
./ddr2.v:1502: tgt-vvp warning: V0.9 may give incorrect results when casting an unsigned value greater than 63 bits to a real value.
(null):0: tgt-vvp warning: V0.9 may give incorrect results when casting an unsigned value greater than 63 bits to a real value.
./ddr2.v:1511: tgt-vvp warning: V0.9 may give incorrect results when casting an unsigned value greater than 63 bits to a real value.
./ddr2.v:1512: tgt-vvp warning: V0.9 may give incorrect results when casting an unsigned value greater than 63 bits to a real value.
./ddr2.v:1527: tgt-vvp warning: V0.9 may give incorrect results when casting an unsigned value greater than 63 bits to a real value.
./ddr2.v:1527: tgt-vvp warning: V0.9 may give incorrect results when casting an unsigned value greater than 63 bits to a real value.
./ddr2.v:1528: tgt-vvp warning: V0.9 may give incorrect results when casting an unsigned value greater than 63 bits to a real value.
./ddr2.v:1528: tgt-vvp warning: V0.9 may give incorrect results when casting an unsigned value greater than 63 bits to a real value.
./ddr2.v:1529: tgt-vvp warning: V0.9 may give incorrect results when casting an unsigned value greater than 63 bits to a real value.
./ddr2.v:1529: tgt-vvp warning: V0.9 may give incorrect results when casting an unsigned value greater than 63 bits to a real value.
(null):0: tgt-vvp warning: V0.9 may give incorrect results when casting an unsigned value greater than 63 bits to a real value.
./ddr2.v:1538: tgt-vvp warning: V0.9 may give incorrect results when casting an unsigned value greater than 63 bits to a real value.
./ddr2.v:1539: tgt-vvp warning: V0.9 may give incorrect results when casting an unsigned value greater than 63 bits to a real value.
./ddr2.v:1695: tgt-vvp warning: V0.9 may give incorrect results when casting an unsigned value greater than 63 bits to a real value.
./ddr2.v:1695: tgt-vvp warning: V0.9 may give incorrect results when casting an unsigned value greater than 63 bits to a real value.
./ddr2.v:1703: tgt-vvp warning: V0.9 may give incorrect results when casting an unsigned value greater than 63 bits to a real value.
./ddr2.v:1703: tgt-vvp warning: V0.9 may give incorrect results when casting an unsigned value greater than 63 bits to a real value.
./ddr2.v:1463: tgt-vvp warning: V0.9 may give incorrect results when casting an unsigned value greater than 63 bits to a real value.
./ddr2.v:1464: tgt-vvp warning: V0.9 may give incorrect results when casting an unsigned value greater than 63 bits to a real value.
./ddr2.v:1466: tgt-vvp warning: V0.9 may give incorrect results when casting an unsigned value greater than 63 bits to a real value.
./ddr2.v:1472: tgt-vvp warning: V0.9 may give incorrect results when casting an unsigned value greater than 63 bits to a real value.
./ddr2.v:1500: tgt-vvp warning: V0.9 may give incorrect results when casting an unsigned value greater than 63 bits to a real value.
./ddr2.v:1500: tgt-vvp warning: V0.9 may give incorrect results when casting an unsigned value greater than 63 bits to a real value.
./ddr2.v:1501: tgt-vvp warning: V0.9 may give incorrect results when casting an unsigned value greater than 63 bits to a real value.
./ddr2.v:1501: tgt-vvp warning: V0.9 may give incorrect results when casting an unsigned value greater than 63 bits to a real value.
./ddr2.v:1502: tgt-vvp warning: V0.9 may give incorrect results when casting an unsigned value greater than 63 bits to a real value.
./ddr2.v:1502: tgt-vvp warning: V0.9 may give incorrect results when casting an unsigned value greater than 63 bits to a real value.
(null):0: tgt-vvp warning: V0.9 may give incorrect results when casting an unsigned value greater than 63 bits to a real value.
./ddr2.v:1511: tgt-vvp warning: V0.9 may give incorrect results when casting an unsigned value greater than 63 bits to a real value.
./ddr2.v:1512: tgt-vvp warning: V0.9 may give incorrect results when casting an unsigned value greater than 63 bits to a real value.
./ddr2.v:1527: tgt-vvp warning: V0.9 may give incorrect results when casting an unsigned value greater than 63 bits to a real value.
./ddr2.v:1527: tgt-vvp warning: V0.9 may give incorrect results when casting an unsigned value greater than 63 bits to a real value.
./ddr2.v:1528: tgt-vvp warning: V0.9 may give incorrect results when casting an unsigned value greater than 63 bits to a real value.
./ddr2.v:1528: tgt-vvp warning: V0.9 may give incorrect results when casting an unsigned value greater than 63 bits to a real value.
./ddr2.v:1529: tgt-vvp warning: V0.9 may give incorrect results when casting an unsigned value greater than 63 bits to a real value.
./ddr2.v:1529: tgt-vvp warning: V0.9 may give incorrect results when casting an unsigned value greater than 63 bits to a real value.
(null):0: tgt-vvp warning: V0.9 may give incorrect results when casting an unsigned value greater than 63 bits to a real value.
./ddr2.v:1538: tgt-vvp warning: V0.9 may give incorrect results when casting an unsigned value greater than 63 bits to a real value.
./ddr2.v:1539: tgt-vvp warning: V0.9 may give incorrect results when casting an unsigned value greater than 63 bits to a real value.
./ddr2.v:1695: tgt-vvp warning: V0.9 may give incorrect results when casting an unsigned value greater than 63 bits to a real value.
./ddr2.v:1695: tgt-vvp warning: V0.9 may give incorrect results when casting an unsigned value greater than 63 bits to a real value.
./ddr2.v:1703: tgt-vvp warning: V0.9 may give incorrect results when casting an unsigned value greater than 63 bits to a real value.
./ddr2.v:1703: tgt-vvp warning: V0.9 may give incorrect results when casting an unsigned value greater than 63 bits to a real value.
GlaDOS.d_ddr2_mem.cmd_task: at time 391909500.0 ps INFO: Precharge All
GlaDOS.i_ddr2_mem.cmd_task: at time 391909500.0 ps INFO: Precharge All
GlaDOS.d_ddr2_mem.cmd_task: at time 392101500.0 ps INFO: Load Mode 2
GlaDOS.d_ddr2_mem.cmd_task: at time 392101500.0 ps INFO: Load Mode 2 High Temperature Self Refresh rate = 1X (0C-85C)
GlaDOS.i_ddr2_mem.cmd_task: at time 392101500.0 ps INFO: Load Mode 2
GlaDOS.i_ddr2_mem.cmd_task: at time 392101500.0 ps INFO: Load Mode 2 High Temperature Self Refresh rate = 1X (0C-85C)
GlaDOS.d_ddr2_mem.cmd_task: at time 392293500.0 ps INFO: Load Mode 3
GlaDOS.i_ddr2_mem.cmd_task: at time 392293500.0 ps INFO: Load Mode 3
GlaDOS.d_ddr2_mem.cmd_task: at time 392485500.0 ps INFO: Load Mode 1
GlaDOS.d_ddr2_mem.cmd_task: at time 392485500.0 ps INFO: Load Mode 1 DLL Enable = Enabled
GlaDOS.d_ddr2_mem.cmd_task: at time 392485500.0 ps INFO: Load Mode 1 Output Drive Strength = Full
GlaDOS.d_ddr2_mem.cmd_task: at time 392485500.0 ps INFO: Load Mode 1 ODT Rtt = Disabled
GlaDOS.d_ddr2_mem.cmd_task: at time 392485500.0 ps INFO: Load Mode 1 Additive Latency =           0
GlaDOS.d_ddr2_mem.cmd_task: at time 392485500.0 ps INFO: Load Mode 1 OCD Program = OCD Default
GlaDOS.d_ddr2_mem.cmd_task: at time 392485500.0 ps INFO: Load Mode 1 DQS_N Enable = Disabled
GlaDOS.d_ddr2_mem.cmd_task: at time 392485500.0 ps INFO: Load Mode 1 RDQS Enable = Disabled
GlaDOS.d_ddr2_mem.cmd_task: at time 392485500.0 ps INFO: Load Mode 1 Output Enable = Enabled
GlaDOS.i_ddr2_mem.cmd_task: at time 392485500.0 ps INFO: Load Mode 1
GlaDOS.i_ddr2_mem.cmd_task: at time 392485500.0 ps INFO: Load Mode 1 DLL Enable = Enabled
GlaDOS.i_ddr2_mem.cmd_task: at time 392485500.0 ps INFO: Load Mode 1 Output Drive Strength = Full
GlaDOS.i_ddr2_mem.cmd_task: at time 392485500.0 ps INFO: Load Mode 1 ODT Rtt = Disabled
GlaDOS.i_ddr2_mem.cmd_task: at time 392485500.0 ps INFO: Load Mode 1 Additive Latency =           0
GlaDOS.i_ddr2_mem.cmd_task: at time 392485500.0 ps INFO: Load Mode 1 OCD Program = OCD Default
GlaDOS.i_ddr2_mem.cmd_task: at time 392485500.0 ps INFO: Load Mode 1 DQS_N Enable = Disabled
GlaDOS.i_ddr2_mem.cmd_task: at time 392485500.0 ps INFO: Load Mode 1 RDQS Enable = Disabled
GlaDOS.i_ddr2_mem.cmd_task: at time 392485500.0 ps INFO: Load Mode 1 Output Enable = Enabled
GlaDOS.d_ddr2_mem.cmd_task: at time 392677500.0 ps INFO: Load Mode 0
GlaDOS.d_ddr2_mem.cmd_task: at time 392677500.0 ps INFO: Load Mode 0 Burst Length =  4
GlaDOS.d_ddr2_mem.cmd_task: at time 392677500.0 ps INFO: Load Mode 0 Burst Order = Sequential
GlaDOS.d_ddr2_mem.cmd_task: at time 392677500.0 ps INFO: Load Mode 0 CAS Latency =           3
GlaDOS.d_ddr2_mem.cmd_task: at time 392677500.0 ps INFO: Load Mode 0 Test Mode = Normal
GlaDOS.d_ddr2_mem.cmd_task: at time 392677500.0 ps INFO: Load Mode 0 DLL Reset = Reset DLL
GlaDOS.d_ddr2_mem.cmd_task: at time 392677500.0 ps INFO: Load Mode 0 Write Recovery =           3
GlaDOS.d_ddr2_mem.cmd_task: at time 392677500.0 ps INFO: Load Mode 0 Power Down Mode = Fast Exit
GlaDOS.i_ddr2_mem.cmd_task: at time 392677500.0 ps INFO: Load Mode 0
GlaDOS.i_ddr2_mem.cmd_task: at time 392677500.0 ps INFO: Load Mode 0 Burst Length =  4
GlaDOS.i_ddr2_mem.cmd_task: at time 392677500.0 ps INFO: Load Mode 0 Burst Order = Sequential
GlaDOS.i_ddr2_mem.cmd_task: at time 392677500.0 ps INFO: Load Mode 0 CAS Latency =           3
GlaDOS.i_ddr2_mem.cmd_task: at time 392677500.0 ps INFO: Load Mode 0 Test Mode = Normal
GlaDOS.i_ddr2_mem.cmd_task: at time 392677500.0 ps INFO: Load Mode 0 DLL Reset = Reset DLL
GlaDOS.i_ddr2_mem.cmd_task: at time 392677500.0 ps INFO: Load Mode 0 Write Recovery =           3
GlaDOS.i_ddr2_mem.cmd_task: at time 392677500.0 ps INFO: Load Mode 0 Power Down Mode = Fast Exit
GlaDOS.d_ddr2_mem.cmd_task: at time 392869500.0 ps INFO: Precharge All
GlaDOS.i_ddr2_mem.cmd_task: at time 392869500.0 ps INFO: Precharge All
GlaDOS.d_ddr2_mem.cmd_task: at time 393061500.0 ps INFO: Refresh  
GlaDOS.i_ddr2_mem.cmd_task: at time 393061500.0 ps INFO: Refresh  
GlaDOS.d_ddr2_mem.cmd_task: at time 393253500.0 ps INFO: Refresh  
GlaDOS.i_ddr2_mem.cmd_task: at time 393253500.0 ps INFO: Refresh  
GlaDOS.d_ddr2_mem.cmd_task: at time 393445500.0 ps INFO: Load Mode 0
GlaDOS.d_ddr2_mem.cmd_task: at time 393445500.0 ps INFO: Load Mode 0 Burst Length =  4
GlaDOS.d_ddr2_mem.cmd_task: at time 393445500.0 ps INFO: Load Mode 0 Burst Order = Sequential
GlaDOS.d_ddr2_mem.cmd_task: at time 393445500.0 ps INFO: Load Mode 0 CAS Latency =           3
GlaDOS.d_ddr2_mem.cmd_task: at time 393445500.0 ps INFO: Load Mode 0 Test Mode = Normal
GlaDOS.d_ddr2_mem.cmd_task: at time 393445500.0 ps INFO: Load Mode 0 DLL Reset = Normal
GlaDOS.d_ddr2_mem.cmd_task: at time 393445500.0 ps INFO: Load Mode 0 Write Recovery =           3
GlaDOS.d_ddr2_mem.cmd_task: at time 393445500.0 ps INFO: Load Mode 0 Power Down Mode = Fast Exit
GlaDOS.i_ddr2_mem.cmd_task: at time 393445500.0 ps INFO: Load Mode 0
GlaDOS.i_ddr2_mem.cmd_task: at time 393445500.0 ps INFO: Load Mode 0 Burst Length =  4
GlaDOS.i_ddr2_mem.cmd_task: at time 393445500.0 ps INFO: Load Mode 0 Burst Order = Sequential
GlaDOS.i_ddr2_mem.cmd_task: at time 393445500.0 ps INFO: Load Mode 0 CAS Latency =           3
GlaDOS.i_ddr2_mem.cmd_task: at time 393445500.0 ps INFO: Load Mode 0 Test Mode = Normal
GlaDOS.i_ddr2_mem.cmd_task: at time 393445500.0 ps INFO: Load Mode 0 DLL Reset = Normal
GlaDOS.i_ddr2_mem.cmd_task: at time 393445500.0 ps INFO: Load Mode 0 Write Recovery =           3
GlaDOS.i_ddr2_mem.cmd_task: at time 393445500.0 ps INFO: Load Mode 0 Power Down Mode = Fast Exit
GlaDOS.d_ddr2_mem.cmd_task: at time 393637500.0 ps INFO: Load Mode 1
GlaDOS.d_ddr2_mem.cmd_task: at time 393637500.0 ps INFO: Load Mode 1 DLL Enable = Enabled
GlaDOS.d_ddr2_mem.cmd_task: at time 393637500.0 ps INFO: Load Mode 1 Output Drive Strength = Full
GlaDOS.d_ddr2_mem.cmd_task: at time 393637500.0 ps INFO: Load Mode 1 ODT Rtt = Disabled
GlaDOS.d_ddr2_mem.cmd_task: at time 393637500.0 ps INFO: Load Mode 1 Additive Latency =           0
GlaDOS.d_ddr2_mem.cmd_task: at time 393637500.0 ps INFO: Load Mode 1 OCD Program = OCD Default
GlaDOS.d_ddr2_mem.cmd_task: at time 393637500.0 ps INFO: Load Mode 1 DQS_N Enable = Disabled
GlaDOS.d_ddr2_mem.cmd_task: at time 393637500.0 ps INFO: Load Mode 1 RDQS Enable = Disabled
GlaDOS.d_ddr2_mem.cmd_task: at time 393637500.0 ps INFO: Load Mode 1 Output Enable = Enabled
GlaDOS.i_ddr2_mem.cmd_task: at time 393637500.0 ps INFO: Load Mode 1
GlaDOS.i_ddr2_mem.cmd_task: at time 393637500.0 ps INFO: Load Mode 1 DLL Enable = Enabled
GlaDOS.i_ddr2_mem.cmd_task: at time 393637500.0 ps INFO: Load Mode 1 Output Drive Strength = Full
GlaDOS.i_ddr2_mem.cmd_task: at time 393637500.0 ps INFO: Load Mode 1 ODT Rtt = Disabled
GlaDOS.i_ddr2_mem.cmd_task: at time 393637500.0 ps INFO: Load Mode 1 Additive Latency =           0
GlaDOS.i_ddr2_mem.cmd_task: at time 393637500.0 ps INFO: Load Mode 1 OCD Program = OCD Default
GlaDOS.i_ddr2_mem.cmd_task: at time 393637500.0 ps INFO: Load Mode 1 DQS_N Enable = Disabled
GlaDOS.i_ddr2_mem.cmd_task: at time 393637500.0 ps INFO: Load Mode 1 RDQS Enable = Disabled
GlaDOS.i_ddr2_mem.cmd_task: at time 393637500.0 ps INFO: Load Mode 1 Output Enable = Enabled
GlaDOS.d_ddr2_mem.cmd_task: at time 393829500.0 ps INFO: Load Mode 1
GlaDOS.d_ddr2_mem.cmd_task: at time 393829500.0 ps INFO: Load Mode 1 DLL Enable = Enabled
GlaDOS.d_ddr2_mem.cmd_task: at time 393829500.0 ps INFO: Load Mode 1 Output Drive Strength = Full
GlaDOS.d_ddr2_mem.cmd_task: at time 393829500.0 ps INFO: Load Mode 1 ODT Rtt = Disabled
GlaDOS.d_ddr2_mem.cmd_task: at time 393829500.0 ps INFO: Load Mode 1 Additive Latency =           0
GlaDOS.d_ddr2_mem.cmd_task: at time 393829500.0 ps INFO: Load Mode 1 OCD Program = OCD Exit
GlaDOS.d_ddr2_mem.cmd_task: at time 393829500.0 ps INFO: Load Mode 1 DQS_N Enable = Disabled
GlaDOS.d_ddr2_mem.cmd_task: at time 393829500.0 ps INFO: Load Mode 1 RDQS Enable = Disabled
GlaDOS.d_ddr2_mem.cmd_task: at time 393829500.0 ps INFO: Load Mode 1 Output Enable = Enabled
GlaDOS.d_ddr2_mem.cmd_task: at time 393829500.0 ps INFO: Initialization Sequence is complete
GlaDOS.i_ddr2_mem.cmd_task: at time 393829500.0 ps INFO: Load Mode 1
GlaDOS.i_ddr2_mem.cmd_task: at time 393829500.0 ps INFO: Load Mode 1 DLL Enable = Enabled
GlaDOS.i_ddr2_mem.cmd_task: at time 393829500.0 ps INFO: Load Mode 1 Output Drive Strength = Full
GlaDOS.i_ddr2_mem.cmd_task: at time 393829500.0 ps INFO: Load Mode 1 ODT Rtt = Disabled
GlaDOS.i_ddr2_mem.cmd_task: at time 393829500.0 ps INFO: Load Mode 1 Additive Latency =           0
GlaDOS.i_ddr2_mem.cmd_task: at time 393829500.0 ps INFO: Load Mode 1 OCD Program = OCD Exit
GlaDOS.i_ddr2_mem.cmd_task: at time 393829500.0 ps INFO: Load Mode 1 DQS_N Enable = Disabled
GlaDOS.i_ddr2_mem.cmd_task: at time 393829500.0 ps INFO: Load Mode 1 RDQS Enable = Disabled
GlaDOS.i_ddr2_mem.cmd_task: at time 393829500.0 ps INFO: Load Mode 1 Output Enable = Enabled
GlaDOS.i_ddr2_mem.cmd_task: at time 393829500.0 ps INFO: Initialization Sequence is complete
GlaDOS.d_ddr2_mem.cmd_task: at time 396727500.0 ps INFO: Refresh  
GlaDOS.i_ddr2_mem.cmd_task: at time 396727500.0 ps INFO: Refresh  
d cmd 1 addr xxxx bank x we c data 00000000 predata 00000000
GlaDOS.d_ddr2_mem.cmd_task: at time 399031500.0 ps INFO: Refresh  
GlaDOS.i_ddr2_mem.cmd_task: at time 399031500.0 ps INFO: Refresh  
d cmd 1 addr xxxx bank x we c data 00000000 predata 00000000
GlaDOS.d_ddr2_mem.cmd_task: at time 400177500.0 ps INFO: Activate  bank 0 row 0000
d cmd 3 addr 0000 bank 0 we c data 0000f004 predata 00000000
GlaDOS.d_ddr2_mem.cmd_task: at time 400201500.0 ps INFO: Write     bank 0 col 002, auto precharge 0
d cmd 4 addr 0002 bank 0 we c data 0000f004 predata 0000f004
GlaDOS.d_ddr2_mem.data_task: at time 400216500.0 ps INFO: WRITE @ DQS= bank = 0 row = 0000 col = 002 data = 0000
GlaDOS.d_ddr2_mem.data_task: at time 400219500.0 ps INFO: WRITE @ DQS= bank = 0 row = 0000 col = 003 data = f004
GlaDOS.d_ddr2_mem.data_task: at time 400222500.0 ps INFO: WRITE @ DQS= bank = 0 row = 0000 col = 000 data = xxxx
GlaDOS.d_ddr2_mem.data_task: at time 400225500.0 ps INFO: WRITE @ DQS= bank = 0 row = 0000 col = 001 data = xxxx
GlaDOS.d_ddr2_mem.cmd_task: at time 400261500.0 ps INFO: Write     bank 0 col 004, auto precharge 0
d cmd 4 addr 0004 bank 0 we c data 0000f005 predata 00000000
GlaDOS.d_ddr2_mem.data_task: at time 400276500.0 ps INFO: WRITE @ DQS= bank = 0 row = 0000 col = 004 data = 0000
GlaDOS.d_ddr2_mem.data_task: at time 400279500.0 ps INFO: WRITE @ DQS= bank = 0 row = 0000 col = 005 data = f005
GlaDOS.d_ddr2_mem.data_task: at time 400282500.0 ps INFO: WRITE @ DQS= bank = 0 row = 0000 col = 006 data = xxxx
GlaDOS.d_ddr2_mem.data_task: at time 400285500.0 ps INFO: WRITE @ DQS= bank = 0 row = 0000 col = 007 data = xxxx
GlaDOS.d_ddr2_mem.cmd_task: at time 400321500.0 ps INFO: Write     bank 0 col 006, auto precharge 0
d cmd 4 addr 0006 bank 0 we c data 0000f006 predata 00000000
GlaDOS.d_ddr2_mem.data_task: at time 400336500.0 ps INFO: WRITE @ DQS= bank = 0 row = 0000 col = 006 data = 0000
GlaDOS.d_ddr2_mem.data_task: at time 400339500.0 ps INFO: WRITE @ DQS= bank = 0 row = 0000 col = 007 data = f006
GlaDOS.d_ddr2_mem.data_task: at time 400342500.0 ps INFO: WRITE @ DQS= bank = 0 row = 0000 col = 004 data = 0000
GlaDOS.d_ddr2_mem.data_task: at time 400345500.0 ps INFO: WRITE @ DQS= bank = 0 row = 0000 col = 005 data = f005
MCU we 0 wea x
MCU we 0 wea x
GlaDOS.d_ddr2_mem.cmd_task: at time 400525500.0 ps INFO: Read      bank 0 col 000, auto precharge 0
MCU we 0 wea x
d cmd 5 addr 0000 bank 0 we x data xxxxxxxx predata xxxxxxxx
MCU we 0 wea x
GlaDOS.d_ddr2_mem.cmd_task: at time 400537500.0 ps INFO: Read      bank 0 col 004, auto precharge 0
d cmd 5 addr 0004 bank 0 we x data xxxxxxxx predata xxxxxxxx
GlaDOS.d_ddr2_mem.data_task: at time 400540500.0 ps INFO: READ @ DQS= bank = 0 row = 0000 col = 000 data = xxxx
GlaDOS.d_ddr2_mem.data_task: at time 400543500.0 ps INFO: READ @ DQS= bank = 0 row = 0000 col = 001 data = xxxx
GlaDOS.d_ddr2_mem.data_task: at time 400546500.0 ps INFO: READ @ DQS= bank = 0 row = 0000 col = 002 data = 0000
GlaDOS.d_ddr2_mem.data_task: at time 400549500.0 ps INFO: READ @ DQS= bank = 0 row = 0000 col = 003 data = f004
GlaDOS.d_ddr2_mem.data_task: at time 400552500.0 ps INFO: READ @ DQS= bank = 0 row = 0000 col = 004 data = 0000
GlaDOS.d_ddr2_mem.data_task: at time 400555500.0 ps INFO: READ @ DQS= bank = 0 row = 0000 col = 005 data = f005
GlaDOS.d_ddr2_mem.data_task: at time 400558500.0 ps INFO: READ @ DQS= bank = 0 row = 0000 col = 006 data = 0000
GlaDOS.d_ddr2_mem.data_task: at time 400561500.0 ps INFO: READ @ DQS= bank = 0 row = 0000 col = 007 data = f006
lsab_cw data_out 0000f004
lsab_cw data_out 0000f005
lsab_cw data_out 0000f006
GlaDOS.d_ddr2_mem.cmd_task: at time 401335500.0 ps INFO: Precharge All
GlaDOS.i_ddr2_mem.cmd_task: at time 401335500.0 ps INFO: Refresh  
d cmd 2 addr 0400 bank 0 we c data fffffffe predata fffffffe
GlaDOS.d_ddr2_mem.cmd_task: at time 401365500.0 ps INFO: Refresh  
d cmd 1 addr 3ffe bank 0 we c data fffffffe predata fffffffe
GlaDOS.d_ddr2_mem.cmd_task: at time 403639500.0 ps INFO: Refresh  
GlaDOS.i_ddr2_mem.cmd_task: at time 403639500.0 ps INFO: Refresh  
d cmd 1 addr 3ffe bank 0 we c data fffffffe predata fffffffe
GlaDOS.d_ddr2_mem.cmd_task: at time 405943500.0 ps INFO: Refresh  
GlaDOS.i_ddr2_mem.cmd_task: at time 405943500.0 ps INFO: Refresh  
d cmd 1 addr 3ffe bank 0 we c data fffffffe predata fffffffe
halting CTR 0000000000010931
acc ffff
input_reg  00xX X000       xxxx xxxx
output_reg 0001 0000 800d  xxxx xxxx xxxx
0000000000: 0018 xxxx xxxx xxxx  ffff fffe e7ff e009
0000000008: xxxx xxxx xxxx xxxx  xxxx xxxx xxxx xxxx
0000000010: xxxx xxxx xxxx xxxx  xxxx xxxx xxxx xxxx
0000000018: xxxx xxxx xxxx xxxx  xxxx xxxx xxxx xxxx
0000000020: xxxx xxxx xxxx xxxx  xxxx xxxx xxxx xxxx
0000000028: xxxx xxxx xxxx xxxx  xxxx xxxx xxxx xxxx
0000000030: xxxx xxxx xxxx xxxx  xxxx xxxx xxxx xxxx
0000000038: xxxx xxxx xxxx xxxx  xxxx xxxx xxxx xxxx
0000000040: xxxx xxxx xxxx xxxx  xxxx xxxx xxxx xxxx
0000000048: xxxx xxxx xxxx xxxx  xxxx xxxx xxxx xxxx
0000000050: xxxx xxxx xxxx xxxx  xxxx xxxx xxxx xxxx
0000000058: xxxx xxxx xxxx xxxx  xxxx xxxx xxxx xxxx
0000000060: xxxx xxxx xxxx xxxx  xxxx xxxx xxxx xxxx
0000000068: xxxx xxxx xxxx xxxx  xxxx xxxx xxxx xxxx
0000000070: xxxx xxxx xxxx xxxx  xxxx xxxx xxxx xxxx
0000000078: xxxx xxxx xxxx xxxx  xxxx xxxx xxxx xxxx
0000000080: 0001 0000 800d xxxx  xxxx xxxx xxxx xxxx
0000000088: xxxx xxxx xxxx xxxx  xxxx xxxx xxxx xxxx
0000000090: xxxx xxxx xxxx xxxx  xxxx xxxx xxxx xxxx
0000000098: xxxx xxxx xxxx xxxx  xxxx xxxx xxxx xxxx
00000000a0: xxxx xxxx xxxx xxxx  xxxx xxxx xxxx xxxx
00000000a8: xxxx xxxx xxxx xxxx  xxxx xxxx xxxx xxxx
00000000b0: xxxx xxxx xxxx xxxx  xxxx xxxx xxxx xxxx
00000000b8: xxxx xxxx xxxx xxxx  xxxx xxxx xxxx xxxx
00000000c0: xxxx xxxx xxxx xxxx  xxxx xxxx xxxx xxxx
00000000c8: xxxx xxxx xxxx xxxx  xxxx xxxx xxxx xxxx
00000000d0: xxxx xxxx xxxx xxxx  xxxx xxxx xxxx xxxx
00000000d8: xxxx xxxx xxxx xxxx  xxxx xxxx xxxx xxxx
00000000e0: xxxx xxxx xxxx xxxx  xxxx xxxx xxxx xxxx
00000000e8: xxxx xxxx xxxx xxxx  xxxx xxxx xxxx xxxx
00000000f0: xxxx xxxx xxxx xxxx  xxxx xxxx xxxx xxxx
00000000f8: xxxx xxxx xxxx xxxx  xxxx xxxx xxxx 0000
wMSR 00ed3200
 r0: 00000000,  r1: ffffffff,  r2: fffffffe  r3: 00000001
 r4: 0000f006,  r5: 00000000,  r6: 8932d612  r7: 00000001
 r8: c0000000,  r9: fe000045, r10: 00000002 r11: cecccc9d
r12: 86bc380d, r13: eaa62ad5, r14: 0effe91d r15: 0509650a
r16: 7968bdf2, r17: ec4b34d8, r18: 75c50deb r19: 571513ae
r20: 85d79a0b, r21: 27f2554f, r22: bf23327e r23: 6c9c4bd9
r24: ffffffff, r25: dbcd60b7, r26: adcbc05b r27: 00000000
r28: 4b212f96, r29: 6457edc8, r30: 090cdb12 r31: 00000000
